******************************************************************************
                  TI ARM Linker PC v5.2.6                      
******************************************************************************
>> Linked Tue Jan 19 13:35:26 2016

OUTPUT FILE NAME:   <blinky_rev02.out>
ENTRY POINT SYMBOL: "_c_int00"  address: 200050b1


MEMORY CONFIGURATION

         name            origin    length      used     unused   attr    fill
----------------------  --------  ---------  --------  --------  ----  --------
  SRAM_CODE             20004000   00019000  000016a2  0001795e  RW X
  SRAM_DATA             2001d000   00023000  00000837  000227c9  RW X


SEGMENT ALLOCATION MAP

run origin  load origin   length   init length attrs members
----------  ----------- ---------- ----------- ----- -------
20004000    20004000    000016a8   000016a8    r-x
  20004000    20004000    00000400   00000400    r-- .intvecs
  20004400    20004400    00000f56   00000f56    r-x .text
  20005358    20005358    000002fc   000002fc    r-- .const
  20005658    20005658    00000050   00000050    r-- .cinit
2001d000    2001d000    00000037   00000000    rw-
  2001d000    2001d000    00000034   00000000    rw- .data
  2001d034    2001d034    00000003   00000000    rw- .bss
2003f800    2003f800    00000800   00000000    rw-
  2003f800    2003f800    00000800   00000000    rw- .stack


SECTION ALLOCATION MAP

 output                                  attributes/
section   page    origin      length       input sections
--------  ----  ----------  ----------   ----------------
.intvecs   0    20004000    00000400     
                  20004000    00000400     startup_ccs.obj (.intvecs)

.init_array 
*          0    20004000    00000000     UNINITIALIZED

.text      0    20004400    00000f56     
                  20004400    0000039c     gpio_if.obj (.text)
                  2000479c    000001b0     pinmux.obj (.text)
                  2000494c    00000134     driverlib.a : prcm.obj (.text:PRCMCC3200MCUInit)
                  20004a80    000000a8                 : interrupt.obj (.text:IntEnable)
                  20004b28    0000009c     rtsv7M4_T_le_eabi.lib : memcpy_t2.obj (.text)
                  20004bc4    00000090     main.obj (.text)
                  20004c54    00000088     driverlib.a : pin.obj (.text:PinConfigSet)
                  20004cdc    00000082                 : gpio.obj (.text:GPIOIntTypeSet)
                  20004d5e    0000007a     rtsv7M4_T_le_eabi.lib : memset_t2.obj (.text)
                  20004dd8    0000006c                           : autoinit.obj (.text)
                  20004e44    0000006a                           : copy_decompress_rle.obj (.text)
                  20004eae    00000002     --HOLE-- [fill = 0]
                  20004eb0    00000058     driverlib.a : prcm.obj (.text:PRCMPeripheralReset)
                  20004f08    00000054                 : interrupt.obj (.text:IntPrioritySet)
                  20004f5c    0000004c     rtsv7M4_T_le_eabi.lib : cpy_tbl.obj (.text)
                  20004fa8    00000048     driverlib.a : gpio.obj (.text:GPIOGetIntNumber)
                  20004ff0    00000044     rtsv7M4_T_le_eabi.lib : exit.obj (.text)
                  20005034    00000040     driverlib.a : pin.obj (.text:PinModeSet)
                  20005074    0000003c                 : prcm.obj (.text:PRCMPeripheralClkEnable)
                  200050b0    0000003c     rtsv7M4_T_le_eabi.lib : boot.obj (.text)
                  200050ec    00000036     driverlib.a : gpio.obj (.text:GPIODirModeSet)
                  20005122    00000030                 : pin.obj (.text:PinTypeGPIO)
                  20005152    00000002     --HOLE-- [fill = 0]
                  20005154    0000002c                 : prcm.obj (.text:PRCMSysResetCauseGet)
                  20005180    00000028                 : prcm.obj (.text:PRCMPeripheralClkDisable)
                  200051a8    00000020                 : gpio.obj (.text:GPIOPinWrite)
                  200051c8    00000020                 : interrupt.obj (.text:IntRegister)
                  200051e8    0000001e                 : gpio.obj (.text:GPIOIntRegister)
                  20005206    0000001a                 : gpio.obj (.text:GPIOIntEnable)
                  20005220    0000001a                 : pin.obj (.text:PinTypeSPI)
                  2000523a    0000001a                 : pin.obj (.text:PinTypeUART)
                  20005254    00000018                 : gpio.obj (.text:GPIOPinRead)
                  2000526c    00000018     rtsv7M4_T_le_eabi.lib : args_main.obj (.text)
                  20005284    00000016     driverlib.a : prcm.obj (.text:PRCMHIBRegRead)
                  2000529a    00000016                 : prcm.obj (.text:PRCMHIBRegWrite)
                  200052b0    00000014                 : cpu.obj (.text:CPUcpsie)
                  200052c4    00000014                 : gpio.obj (.text:GPIOIntClear)
                  200052d8    00000014                 : interrupt.obj (.text:IntVTableBaseSet)
                  200052ec    00000014                 : pin.obj (.text:PinTypeADC)
                  20005300    00000014     rtsv7M4_T_le_eabi.lib : _lock.obj (.text)
                  20005314    0000000e                           : copy_decompress_none.obj (.text:decompress:none)
                  20005322    0000000e     startup_ccs.obj (.text)
                  20005330    0000000c     rtsv7M4_T_le_eabi.lib : copy_zero_init.obj (.text:decompress:ZI)
                  2000533c    0000000a     driverlib.a : interrupt.obj (.text:IntMasterEnable)
                  20005346    00000006                 : utils.obj (.text:UtilsDelay)
                  2000534c    00000006     rtsv7M4_T_le_eabi.lib : copy_decompress_rle.obj (.text:decompress:rle24)
                  20005352    00000004                           : pre_init.obj (.text)

.const     0    20005358    000002fc     
                  20005358    00000100     driverlib.a : pin.obj (.const:g_ulPinToPadMap)
                  20005458    000000d4                 : interrupt.obj (.const:g_pulRegs)
                  2000552c    000000a8                 : prcm.obj (.const:PRCM_PeriphRegsList)
                  200055d4    00000080                 : interrupt.obj (.const)

.cinit     0    20005658    00000050     
                  20005658    00000028     (.cinit..data.load) [load image, compression = rle]
                  20005680    0000000c     (__TI_handler_table)
                  2000568c    00000004     --HOLE-- [fill = 0]
                  20005690    00000008     (.cinit..bss.load) [load image, compression = zero_init]
                  20005698    00000010     (__TI_cinit_table)

.data      0    2001d000    00000034     UNINITIALIZED
                  2001d000    00000020     gpio_if.obj (.data)
                  2001d020    00000008     rtsv7M4_T_le_eabi.lib : _lock.obj (.data)
                  2001d028    00000008                           : exit.obj (.data)
                  2001d030    00000004                           : stkdepth_vars.obj (.data)

.bss       0    2001d034    00000003     UNINITIALIZED
                  2001d034    00000001     (.common:g_ucLED1Pin)
                  2001d035    00000001     (.common:g_ucLED2Pin)
                  2001d036    00000001     (.common:g_ucLED3Pin)

.TI.persistent 
*          0    2001d000    00000000     UNINITIALIZED

.TI.noinit 
*          0    2001d034    00000000     UNINITIALIZED

.stack     0    2003f800    00000800     UNINITIALIZED
                  2003f800    00000800     --HOLE--


LINKER GENERATED COPY TABLES

__TI_cinit_table @ 20005698 records: 2, size/record: 8, table size: 16
	.data: load addr=20005658, load size=00000028 bytes, run addr=2001d000, run size=00000034 bytes, compression=rle
	.bss: load addr=20005690, load size=00000008 bytes, run addr=2001d034, run size=00000003 bytes, compression=zero_init


LINKER GENERATED HANDLER TABLE

__TI_handler_table @ 20005680 records: 3, size/record: 4, table size: 12
	index: 0, handler: __TI_decompress_rle24
	index: 1, handler: __TI_decompress_none
	index: 2, handler: __TI_zero_init


GLOBAL SYMBOLS: SORTED ALPHABETICALLY BY Name 

address   name                       
-------   ----                       
20004ff1  C$$EXIT                    
200052b1  CPUcpsie                   
200050ed  GPIODirModeSet             
200052c5  GPIOIntClear               
20005207  GPIOIntEnable              
200051e9  GPIOIntRegister            
20004cdd  GPIOIntTypeSet             
20005255  GPIOPinRead                
200051a9  GPIOPinWrite               
200046c1  GPIO_IF_ConfigureNIntEnable
2000474d  GPIO_IF_Get                
2000467b  GPIO_IF_GetPortNPin        
2000443d  GPIO_IF_LedConfigure       
2000452f  GPIO_IF_LedOff             
2000447b  GPIO_IF_LedOn              
200045e3  GPIO_IF_LedStatus          
2000464d  GPIO_IF_LedToggle          
20004709  GPIO_IF_Set                
20004a81  IntEnable                  
2000533d  IntMasterEnable            
20004f09  IntPrioritySet             
200051c9  IntRegister                
200052d9  IntVTableBaseSet           
20004bc5  LEDBlinkyRoutine           
2000494d  PRCMCC3200MCUInit          
20005285  PRCMHIBRegRead             
2000529b  PRCMHIBRegWrite            
20005181  PRCMPeripheralClkDisable   
20005075  PRCMPeripheralClkEnable    
20004eb1  PRCMPeripheralReset        
20005155  PRCMSysResetCauseGet       
20004c55  PinConfigSet               
20005035  PinModeSet                 
2000479d  PinMuxConfig               
200052ed  PinTypeADC                 
20005123  PinTypeGPIO                
20005221  PinTypeSPI                 
2000523b  PinTypeUART                
20005323  ResetISR                   
UNDEFED   SHT$$INIT_ARRAY$$Base      
UNDEFED   SHT$$INIT_ARRAY$$Limit     
20005347  UtilsDelay                 
20040000  __STACK_END                
00000800  __STACK_SIZE               
20005698  __TI_CINIT_Base            
200056a8  __TI_CINIT_Limit           
20005680  __TI_Handler_Table_Base    
2000568c  __TI_Handler_Table_Limit   
20004dd9  __TI_auto_init             
2001d028  __TI_cleanup_ptr           
20005315  __TI_decompress_none       
2000534d  __TI_decompress_rle24      
2001d02c  __TI_dtors_ptr             
20005658  __TI_static_base__         
20005331  __TI_zero_init             
20004d5f  __aeabi_memclr             
20004d5f  __aeabi_memclr4            
20004d5f  __aeabi_memclr8            
20004b29  __aeabi_memcpy             
20004b29  __aeabi_memcpy4            
20004b29  __aeabi_memcpy8            
20004d61  __aeabi_memset             
20004d61  __aeabi_memset4            
20004d61  __aeabi_memset8            
ffffffff  __binit__                  
ffffffff  __c_args__                 
2003f800  __stack                    
2000526d  _args_main                 
200050b1  _c_int00                   
2001d020  _lock                      
2000530f  _nop                       
20005307  _register_lock             
20005301  _register_unlock           
20005353  _system_pre_init           
2001d024  _unlock                    
20004ff5  abort                      
ffffffff  binit                      
20004f5d  copy_in                    
20004ffd  exit                       
20004000  g_pfnVectors               
2001d034  g_ucLED1Pin                
2001d035  g_ucLED2Pin                
2001d036  g_ucLED3Pin                
2001d014  g_uiLED1Port               
2001d018  g_uiLED2Port               
2001d01c  g_uiLED3Port               
20004c2f  main                       
2001d030  main_func_sp               
20004b29  memcpy                     
20004d67  memset                     


GLOBAL SYMBOLS: SORTED BY Symbol Address 

address   name                       
-------   ----                       
00000800  __STACK_SIZE               
20004000  g_pfnVectors               
2000443d  GPIO_IF_LedConfigure       
2000447b  GPIO_IF_LedOn              
2000452f  GPIO_IF_LedOff             
200045e3  GPIO_IF_LedStatus          
2000464d  GPIO_IF_LedToggle          
2000467b  GPIO_IF_GetPortNPin        
200046c1  GPIO_IF_ConfigureNIntEnable
20004709  GPIO_IF_Set                
2000474d  GPIO_IF_Get                
2000479d  PinMuxConfig               
2000494d  PRCMCC3200MCUInit          
20004a81  IntEnable                  
20004b29  __aeabi_memcpy             
20004b29  __aeabi_memcpy4            
20004b29  __aeabi_memcpy8            
20004b29  memcpy                     
20004bc5  LEDBlinkyRoutine           
20004c2f  main                       
20004c55  PinConfigSet               
20004cdd  GPIOIntTypeSet             
20004d5f  __aeabi_memclr             
20004d5f  __aeabi_memclr4            
20004d5f  __aeabi_memclr8            
20004d61  __aeabi_memset             
20004d61  __aeabi_memset4            
20004d61  __aeabi_memset8            
20004d67  memset                     
20004dd9  __TI_auto_init             
20004eb1  PRCMPeripheralReset        
20004f09  IntPrioritySet             
20004f5d  copy_in                    
20004ff1  C$$EXIT                    
20004ff5  abort                      
20004ffd  exit                       
20005035  PinModeSet                 
20005075  PRCMPeripheralClkEnable    
200050b1  _c_int00                   
200050ed  GPIODirModeSet             
20005123  PinTypeGPIO                
20005155  PRCMSysResetCauseGet       
20005181  PRCMPeripheralClkDisable   
200051a9  GPIOPinWrite               
200051c9  IntRegister                
200051e9  GPIOIntRegister            
20005207  GPIOIntEnable              
20005221  PinTypeSPI                 
2000523b  PinTypeUART                
20005255  GPIOPinRead                
2000526d  _args_main                 
20005285  PRCMHIBRegRead             
2000529b  PRCMHIBRegWrite            
200052b1  CPUcpsie                   
200052c5  GPIOIntClear               
200052d9  IntVTableBaseSet           
200052ed  PinTypeADC                 
20005301  _register_unlock           
20005307  _register_lock             
2000530f  _nop                       
20005315  __TI_decompress_none       
20005323  ResetISR                   
20005331  __TI_zero_init             
2000533d  IntMasterEnable            
20005347  UtilsDelay                 
2000534d  __TI_decompress_rle24      
20005353  _system_pre_init           
20005658  __TI_static_base__         
20005680  __TI_Handler_Table_Base    
2000568c  __TI_Handler_Table_Limit   
20005698  __TI_CINIT_Base            
200056a8  __TI_CINIT_Limit           
2001d014  g_uiLED1Port               
2001d018  g_uiLED2Port               
2001d01c  g_uiLED3Port               
2001d020  _lock                      
2001d024  _unlock                    
2001d028  __TI_cleanup_ptr           
2001d02c  __TI_dtors_ptr             
2001d030  main_func_sp               
2001d034  g_ucLED1Pin                
2001d035  g_ucLED2Pin                
2001d036  g_ucLED3Pin                
2003f800  __stack                    
20040000  __STACK_END                
ffffffff  __binit__                  
ffffffff  __c_args__                 
ffffffff  binit                      
UNDEFED   SHT$$INIT_ARRAY$$Base      
UNDEFED   SHT$$INIT_ARRAY$$Limit     

[90 symbols]
