<?xml version="1.0"?>
<link_info>
   <banner>TI ARM Linker PC v5.2.2</banner>
   <copyright>Copyright (c) 1996-2015 Texas Instruments Incorporated</copyright>
   <link_time>0x582b4948</link_time>
   <link_errors>0x0</link_errors>
   <output_file>blinky_WiFi_Node_pinmux.out</output_file>
   <entry_point>
      <name>_c_int00</name>
      <address>0x20004c49</address>
   </entry_point>
   <input_file_list>
      <input_file id="fl-2">
         <path>.\</path>
         <kind>object</kind>
         <file>gpio_if.obj</file>
         <name>gpio_if.obj</name>
      </input_file>
      <input_file id="fl-3">
         <path>.\</path>
         <kind>object</kind>
         <file>main.obj</file>
         <name>main.obj</name>
      </input_file>
      <input_file id="fl-4">
         <path>.\</path>
         <kind>object</kind>
         <file>pinmux_bli_WiFi.obj</file>
         <name>pinmux_bli_WiFi.obj</name>
      </input_file>
      <input_file id="fl-5">
         <path>.\</path>
         <kind>object</kind>
         <file>startup_ccs.obj</file>
         <name>startup_ccs.obj</name>
      </input_file>
      <input_file id="fl-12c">
         <path>C:\ti\ccsv6\tools\compiler\ti-cgt-arm_5.2.2\lib\</path>
         <kind>archive</kind>
         <file>rtsv7M4_T_le_eabi.lib</file>
         <name>boot.obj</name>
      </input_file>
      <input_file id="fl-12d">
         <path>C:\ti\ccsv6\tools\compiler\ti-cgt-arm_5.2.2\lib\</path>
         <kind>archive</kind>
         <file>rtsv7M4_T_le_eabi.lib</file>
         <name>copy_decompress_none.obj</name>
      </input_file>
      <input_file id="fl-12e">
         <path>C:\ti\ccsv6\tools\compiler\ti-cgt-arm_5.2.2\lib\</path>
         <kind>archive</kind>
         <file>rtsv7M4_T_le_eabi.lib</file>
         <name>copy_decompress_rle.obj</name>
      </input_file>
      <input_file id="fl-12f">
         <path>C:\ti\ccsv6\tools\compiler\ti-cgt-arm_5.2.2\lib\</path>
         <kind>archive</kind>
         <file>rtsv7M4_T_le_eabi.lib</file>
         <name>copy_zero_init.obj</name>
      </input_file>
      <input_file id="fl-130">
         <path>C:\ti\ccsv6\tools\compiler\ti-cgt-arm_5.2.2\lib\</path>
         <kind>archive</kind>
         <file>rtsv7M4_T_le_eabi.lib</file>
         <name>exit.obj</name>
      </input_file>
      <input_file id="fl-131">
         <path>C:\ti\ccsv6\tools\compiler\ti-cgt-arm_5.2.2\lib\</path>
         <kind>archive</kind>
         <file>rtsv7M4_T_le_eabi.lib</file>
         <name>memcpy_t2.obj</name>
      </input_file>
      <input_file id="fl-132">
         <path>C:\ti\ccsv6\tools\compiler\ti-cgt-arm_5.2.2\lib\</path>
         <kind>archive</kind>
         <file>rtsv7M4_T_le_eabi.lib</file>
         <name>memset_t2.obj</name>
      </input_file>
      <input_file id="fl-133">
         <path>C:\ti\ccsv6\tools\compiler\ti-cgt-arm_5.2.2\lib\</path>
         <kind>archive</kind>
         <file>rtsv7M4_T_le_eabi.lib</file>
         <name>pre_init.obj</name>
      </input_file>
      <input_file id="fl-134">
         <path>C:\ti\ccsv6\tools\compiler\ti-cgt-arm_5.2.2\lib\</path>
         <kind>archive</kind>
         <file>rtsv7M4_T_le_eabi.lib</file>
         <name>stkdepth_vars.obj</name>
      </input_file>
      <input_file id="fl-135">
         <path>C:\ti\ccsv6\tools\compiler\ti-cgt-arm_5.2.2\lib\</path>
         <kind>archive</kind>
         <file>rtsv7M4_T_le_eabi.lib</file>
         <name>_lock.obj</name>
      </input_file>
      <input_file id="fl-136">
         <path>C:\ti\ccsv6\tools\compiler\ti-cgt-arm_5.2.2\lib\</path>
         <kind>archive</kind>
         <file>rtsv7M4_T_le_eabi.lib</file>
         <name>args_main.obj</name>
      </input_file>
      <input_file id="fl-137">
         <path>C:\ti\ccsv6\tools\compiler\ti-cgt-arm_5.2.2\lib\</path>
         <kind>archive</kind>
         <file>rtsv7M4_T_le_eabi.lib</file>
         <name>autoinit.obj</name>
      </input_file>
      <input_file id="fl-138">
         <path>C:\ti\ccsv6\tools\compiler\ti-cgt-arm_5.2.2\lib\</path>
         <kind>archive</kind>
         <file>rtsv7M4_T_le_eabi.lib</file>
         <name>cpy_tbl.obj</name>
      </input_file>
      <input_file id="fl-139">
         <path>C:\ti\CC3200SDK_1.1.0\cc3200-sdk\driverlib\ccs\Release\</path>
         <kind>archive</kind>
         <file>driverlib.a</file>
         <name>gpio.obj</name>
      </input_file>
      <input_file id="fl-13a">
         <path>C:\ti\CC3200SDK_1.1.0\cc3200-sdk\driverlib\ccs\Release\</path>
         <kind>archive</kind>
         <file>driverlib.a</file>
         <name>interrupt.obj</name>
      </input_file>
      <input_file id="fl-13b">
         <path>C:\ti\CC3200SDK_1.1.0\cc3200-sdk\driverlib\ccs\Release\</path>
         <kind>archive</kind>
         <file>driverlib.a</file>
         <name>pin.obj</name>
      </input_file>
      <input_file id="fl-13c">
         <path>C:\ti\CC3200SDK_1.1.0\cc3200-sdk\driverlib\ccs\Release\</path>
         <kind>archive</kind>
         <file>driverlib.a</file>
         <name>prcm.obj</name>
      </input_file>
      <input_file id="fl-13d">
         <path>C:\ti\CC3200SDK_1.1.0\cc3200-sdk\driverlib\ccs\Release\</path>
         <kind>archive</kind>
         <file>driverlib.a</file>
         <name>utils.obj</name>
      </input_file>
      <input_file id="fl-13e">
         <path>C:\ti\CC3200SDK_1.1.0\cc3200-sdk\driverlib\ccs\Release\</path>
         <kind>archive</kind>
         <file>driverlib.a</file>
         <name>cpu.obj</name>
      </input_file>
      <input_file id="fl-13f">
         <path>C:\ti\CC3200SDK_1.1.0\cc3200-sdk\driverlib\ccs\Release\</path>
         <kind>archive</kind>
         <file>driverlib.a</file>
         <name>flash.obj</name>
      </input_file>
      <input_file id="fl-140">
         <path>C:\ti\ccsv6\tools\compiler\ti-cgt-arm_5.2.2\lib\</path>
         <kind>archive</kind>
         <file>rtsv7M4_T_le_eabi.lib</file>
         <name>ll_lsr_t2.obj</name>
      </input_file>
      <input_file id="fl-141">
         <path>C:\ti\ccsv6\tools\compiler\ti-cgt-arm_5.2.2\lib\</path>
         <kind>archive</kind>
         <file>rtsv7M4_T_le_eabi.lib</file>
         <name>ull_div_t2.obj</name>
      </input_file>
   </input_file_list>
   <object_component_list>
      <object_component id="oc-f">
         <name>.intvecs</name>
         <load_address>0x20004000</load_address>
         <run_address>0x20004000</run_address>
         <size>0x400</size>
         <input_file_ref idref="fl-5"/>
      </object_component>
      <object_component id="oc-d8">
         <name>.text</name>
         <load_address>0x20004400</load_address>
         <run_address>0x20004400</run_address>
         <size>0x1dc</size>
         <input_file_ref idref="fl-4"/>
      </object_component>
      <object_component id="oc-d2">
         <name>.text:PRCMCC3200MCUInit</name>
         <load_address>0x200045dc</load_address>
         <run_address>0x200045dc</run_address>
         <size>0x134</size>
         <input_file_ref idref="fl-13c"/>
      </object_component>
      <object_component id="oc-98">
         <name>.text</name>
         <load_address>0x20004710</load_address>
         <run_address>0x20004710</run_address>
         <size>0xb4</size>
         <input_file_ref idref="fl-3"/>
      </object_component>
      <object_component id="oc-cc">
         <name>.text:IntEnable</name>
         <load_address>0x200047c4</load_address>
         <run_address>0x200047c4</run_address>
         <size>0xa8</size>
         <input_file_ref idref="fl-13a"/>
      </object_component>
      <object_component id="oc-33">
         <name>.text</name>
         <load_address>0x2000486c</load_address>
         <run_address>0x2000486c</run_address>
         <size>0x9c</size>
         <input_file_ref idref="fl-131"/>
      </object_component>
      <object_component id="oc-16e">
         <name>.text:PinConfigSet</name>
         <load_address>0x20004908</load_address>
         <run_address>0x20004908</run_address>
         <size>0x88</size>
         <input_file_ref idref="fl-13b"/>
      </object_component>
      <object_component id="oc-4c">
         <name>.text</name>
         <load_address>0x20004990</load_address>
         <run_address>0x20004990</run_address>
         <size>0x7a</size>
         <input_file_ref idref="fl-132"/>
      </object_component>
      <object_component id="oc-5e">
         <name>.text</name>
         <load_address>0x20004a0c</load_address>
         <run_address>0x20004a0c</run_address>
         <size>0x6c</size>
         <input_file_ref idref="fl-137"/>
      </object_component>
      <object_component id="oc-3f">
         <name>.text</name>
         <load_address>0x20004a78</load_address>
         <run_address>0x20004a78</run_address>
         <size>0x6a</size>
         <input_file_ref idref="fl-12e"/>
      </object_component>
      <object_component id="oc-11f">
         <name>.text:PRCMPeripheralReset</name>
         <load_address>0x20004ae4</load_address>
         <run_address>0x20004ae4</run_address>
         <size>0x58</size>
         <input_file_ref idref="fl-13c"/>
      </object_component>
      <object_component id="oc-90">
         <name>.text</name>
         <load_address>0x20004b3c</load_address>
         <run_address>0x20004b3c</run_address>
         <size>0x4c</size>
         <input_file_ref idref="fl-138"/>
      </object_component>
      <object_component id="oc-6a">
         <name>.text</name>
         <load_address>0x20004b88</load_address>
         <run_address>0x20004b88</run_address>
         <size>0x44</size>
         <input_file_ref idref="fl-130"/>
      </object_component>
      <object_component id="oc-175">
         <name>.text:PinModeSet</name>
         <load_address>0x20004bcc</load_address>
         <run_address>0x20004bcc</run_address>
         <size>0x40</size>
         <input_file_ref idref="fl-13b"/>
      </object_component>
      <object_component id="oc-119">
         <name>.text:PRCMPeripheralClkEnable</name>
         <load_address>0x20004c0c</load_address>
         <run_address>0x20004c0c</run_address>
         <size>0x3c</size>
         <input_file_ref idref="fl-13c"/>
      </object_component>
      <object_component id="oc-24">
         <name>.text</name>
         <load_address>0x20004c48</load_address>
         <run_address>0x20004c48</run_address>
         <size>0x3c</size>
         <input_file_ref idref="fl-12c"/>
      </object_component>
      <object_component id="oc-144">
         <name>.text:GPIODirModeSet</name>
         <load_address>0x20004c84</load_address>
         <run_address>0x20004c84</run_address>
         <size>0x36</size>
         <input_file_ref idref="fl-139"/>
      </object_component>
      <object_component id="oc-13e">
         <name>.text:PinTypeGPIO</name>
         <load_address>0x20004cba</load_address>
         <run_address>0x20004cba</run_address>
         <size>0x30</size>
         <input_file_ref idref="fl-13b"/>
      </object_component>
      <object_component id="oc-12b">
         <name>.text:PRCMSysResetCauseGet</name>
         <load_address>0x20004cec</load_address>
         <run_address>0x20004cec</run_address>
         <size>0x2c</size>
         <input_file_ref idref="fl-13c"/>
      </object_component>
      <object_component id="oc-125">
         <name>.text:PRCMPeripheralClkDisable</name>
         <load_address>0x20004d18</load_address>
         <run_address>0x20004d18</run_address>
         <size>0x28</size>
         <input_file_ref idref="fl-13c"/>
      </object_component>
      <object_component id="oc-ba">
         <name>.text:GPIOPinWrite</name>
         <load_address>0x20004d40</load_address>
         <run_address>0x20004d40</run_address>
         <size>0x20</size>
         <input_file_ref idref="fl-139"/>
      </object_component>
      <object_component id="oc-156">
         <name>.text:PinTypeI2C</name>
         <load_address>0x20004d60</load_address>
         <run_address>0x20004d60</run_address>
         <size>0x1c</size>
         <input_file_ref idref="fl-13b"/>
      </object_component>
      <object_component id="oc-14a">
         <name>.text:PinTypeSPI</name>
         <load_address>0x20004d7c</load_address>
         <run_address>0x20004d7c</run_address>
         <size>0x1a</size>
         <input_file_ref idref="fl-13b"/>
      </object_component>
      <object_component id="oc-138">
         <name>.text:PinTypeTimer</name>
         <load_address>0x20004d96</load_address>
         <run_address>0x20004d96</run_address>
         <size>0x1a</size>
         <input_file_ref idref="fl-13b"/>
      </object_component>
      <object_component id="oc-150">
         <name>.text:PinTypeUART</name>
         <load_address>0x20004db0</load_address>
         <run_address>0x20004db0</run_address>
         <size>0x1a</size>
         <input_file_ref idref="fl-13b"/>
      </object_component>
      <object_component id="oc-64">
         <name>.text</name>
         <load_address>0x20004dcc</load_address>
         <run_address>0x20004dcc</run_address>
         <size>0x18</size>
         <input_file_ref idref="fl-136"/>
      </object_component>
      <object_component id="oc-10d">
         <name>.text:PRCMHIBRegRead</name>
         <load_address>0x20004de4</load_address>
         <run_address>0x20004de4</run_address>
         <size>0x16</size>
         <input_file_ref idref="fl-13c"/>
      </object_component>
      <object_component id="oc-113">
         <name>.text:PRCMHIBRegWrite</name>
         <load_address>0x20004dfa</load_address>
         <run_address>0x20004dfa</run_address>
         <size>0x16</size>
         <input_file_ref idref="fl-13c"/>
      </object_component>
      <object_component id="oc-fd">
         <name>.text:CPUcpsie</name>
         <load_address>0x20004e10</load_address>
         <run_address>0x20004e10</run_address>
         <size>0x14</size>
         <input_file_ref idref="fl-13e"/>
      </object_component>
      <object_component id="oc-c0">
         <name>.text:IntVTableBaseSet</name>
         <load_address>0x20004e24</load_address>
         <run_address>0x20004e24</run_address>
         <size>0x14</size>
         <input_file_ref idref="fl-13a"/>
      </object_component>
      <object_component id="oc-132">
         <name>.text:PinTypeADC</name>
         <load_address>0x20004e38</load_address>
         <run_address>0x20004e38</run_address>
         <size>0x14</size>
         <input_file_ref idref="fl-13b"/>
      </object_component>
      <object_component id="oc-e6">
         <name>.text</name>
         <load_address>0x20004e4c</load_address>
         <run_address>0x20004e4c</run_address>
         <size>0x14</size>
         <input_file_ref idref="fl-135"/>
      </object_component>
      <object_component id="oc-12">
         <name>.text:decompress:none</name>
         <load_address>0x20004e60</load_address>
         <run_address>0x20004e60</run_address>
         <size>0xe</size>
         <input_file_ref idref="fl-12d"/>
      </object_component>
      <object_component id="oc-2a">
         <name>.text</name>
         <load_address>0x20004e6e</load_address>
         <run_address>0x20004e6e</run_address>
         <size>0xe</size>
         <input_file_ref idref="fl-5"/>
      </object_component>
      <object_component id="oc-c6">
         <name>.text:IntMasterEnable</name>
         <load_address>0x20004e7c</load_address>
         <run_address>0x20004e7c</run_address>
         <size>0xa</size>
         <input_file_ref idref="fl-13a"/>
      </object_component>
      <object_component id="oc-b9">
         <name>.text:UtilsDelay</name>
         <load_address>0x20004e86</load_address>
         <run_address>0x20004e86</run_address>
         <size>0x6</size>
         <input_file_ref idref="fl-13d"/>
      </object_component>
      <object_component id="oc-18">
         <name>.text:decompress:rle24</name>
         <load_address>0x20004e8c</load_address>
         <run_address>0x20004e8c</run_address>
         <size>0x6</size>
         <input_file_ref idref="fl-12e"/>
      </object_component>
      <object_component id="oc-58">
         <name>.text</name>
         <load_address>0x20004e92</load_address>
         <run_address>0x20004e92</run_address>
         <size>0x4</size>
         <input_file_ref idref="fl-133"/>
      </object_component>
      <object_component id="oc-18c">
         <name>.const:g_ulPinToPadMap</name>
         <load_address>0x20004e98</load_address>
         <run_address>0x20004e98</run_address>
         <size>0x100</size>
         <input_file_ref idref="fl-13b"/>
      </object_component>
      <object_component id="oc-166">
         <name>.const:PRCM_PeriphRegsList</name>
         <load_address>0x20004f98</load_address>
         <run_address>0x20004f98</run_address>
         <size>0xa8</size>
         <input_file_ref idref="fl-13c"/>
      </object_component>
      <object_component id="oc-109">
         <name>.const</name>
         <load_address>0x20005040</load_address>
         <run_address>0x20005040</run_address>
         <size>0x80</size>
         <input_file_ref idref="fl-13a"/>
      </object_component>
      <object_component id="oc-1b9">
         <name>.cinit..data.load</name>
         <load_address>0x200050c0</load_address>
         <run_address>0x200050c0</run_address>
         <size>0x11</size>
      </object_component>
      <object_component id="oc-1b7">
         <name>__TI_handler_table</name>
         <load_address>0x200050d4</load_address>
         <run_address>0x200050d4</run_address>
         <size>0x8</size>
      </object_component>
      <object_component id="oc-1b8">
         <name>__TI_cinit_table</name>
         <load_address>0x200050dc</load_address>
         <run_address>0x200050dc</run_address>
         <size>0x8</size>
      </object_component>
      <object_component id="oc-29">
         <name>.stack</name>
         <uninitialized>true</uninitialized>
         <run_address>0x2003f800</run_address>
         <size>0x0</size>
         <input_file_ref idref="fl-12c"/>
      </object_component>
      <object_component id="oc-1ba">
         <name>.stack</name>
         <uninitialized>true</uninitialized>
         <run_address>0x2003f800</run_address>
         <size>0x0</size>
      </object_component>
      <object_component id="oc-a3">
         <name>.data</name>
         <load_address>0x2001d008</load_address>
         <run_address>0x2001d008</run_address>
         <size>0x8</size>
         <input_file_ref idref="fl-130"/>
      </object_component>
      <object_component id="oc-70">
         <name>.data</name>
         <load_address>0x2001d010</load_address>
         <run_address>0x2001d010</run_address>
         <size>0x4</size>
         <input_file_ref idref="fl-134"/>
      </object_component>
      <object_component id="oc-a0">
         <name>.data</name>
         <load_address>0x2001d000</load_address>
         <run_address>0x2001d000</run_address>
         <size>0x8</size>
         <input_file_ref idref="fl-135"/>
      </object_component>
      <object_component id="oc-187">
         <name>.debug_info</name>
         <load_address>0x0</load_address>
         <run_address>0x0</run_address>
         <size>0x62</size>
         <input_file_ref idref="fl-2"/>
      </object_component>
      <object_component id="oc-77">
         <name>.debug_info</name>
         <load_address>0x62</load_address>
         <run_address>0x62</run_address>
         <size>0x84</size>
         <input_file_ref idref="fl-2"/>
      </object_component>
      <object_component id="oc-104">
         <name>.debug_info</name>
         <load_address>0xe6</load_address>
         <run_address>0xe6</run_address>
         <size>0x2c</size>
         <input_file_ref idref="fl-2"/>
      </object_component>
      <object_component id="oc-99">
         <name>.debug_info</name>
         <load_address>0x112</load_address>
         <run_address>0x112</run_address>
         <size>0x32c</size>
         <input_file_ref idref="fl-3"/>
      </object_component>
      <object_component id="oc-d9">
         <name>.debug_info</name>
         <load_address>0x43e</load_address>
         <run_address>0x43e</run_address>
         <size>0x549</size>
         <input_file_ref idref="fl-4"/>
      </object_component>
      <object_component id="oc-32">
         <name>.debug_info</name>
         <load_address>0x987</load_address>
         <run_address>0x987</run_address>
         <size>0x13e</size>
         <input_file_ref idref="fl-5"/>
      </object_component>
      <object_component id="oc-10">
         <name>.debug_info</name>
         <load_address>0xac5</load_address>
         <run_address>0xac5</run_address>
         <size>0x123</size>
         <input_file_ref idref="fl-5"/>
      </object_component>
      <object_component id="oc-2b">
         <name>.debug_info</name>
         <load_address>0xbe8</load_address>
         <run_address>0xbe8</run_address>
         <size>0x444</size>
         <input_file_ref idref="fl-5"/>
      </object_component>
      <object_component id="oc-25">
         <name>.debug_info</name>
         <load_address>0x102c</load_address>
         <run_address>0x102c</run_address>
         <size>0x11e</size>
         <input_file_ref idref="fl-12c"/>
      </object_component>
      <object_component id="oc-3e">
         <name>.debug_info</name>
         <load_address>0x114a</load_address>
         <run_address>0x114a</run_address>
         <size>0x109</size>
         <input_file_ref idref="fl-12d"/>
      </object_component>
      <object_component id="oc-13">
         <name>.debug_info</name>
         <load_address>0x1253</load_address>
         <run_address>0x1253</run_address>
         <size>0x1a8</size>
         <input_file_ref idref="fl-12d"/>
      </object_component>
      <object_component id="oc-39">
         <name>.debug_info</name>
         <load_address>0x13fb</load_address>
         <run_address>0x13fb</run_address>
         <size>0x46</size>
         <input_file_ref idref="fl-12d"/>
      </object_component>
      <object_component id="oc-7d">
         <name>.debug_info</name>
         <load_address>0x1441</load_address>
         <run_address>0x1441</run_address>
         <size>0x2c</size>
         <input_file_ref idref="fl-12d"/>
      </object_component>
      <object_component id="oc-46">
         <name>.debug_info</name>
         <load_address>0x146d</load_address>
         <run_address>0x146d</run_address>
         <size>0xfd</size>
         <input_file_ref idref="fl-12e"/>
      </object_component>
      <object_component id="oc-40">
         <name>.debug_info</name>
         <load_address>0x156a</load_address>
         <run_address>0x156a</run_address>
         <size>0x210</size>
         <input_file_ref idref="fl-12e"/>
      </object_component>
      <object_component id="oc-1b">
         <name>.debug_info</name>
         <load_address>0x177a</load_address>
         <run_address>0x177a</run_address>
         <size>0x1a2</size>
         <input_file_ref idref="fl-12e"/>
      </object_component>
      <object_component id="oc-47">
         <name>.debug_info</name>
         <load_address>0x191c</load_address>
         <run_address>0x191c</run_address>
         <size>0x39</size>
         <input_file_ref idref="fl-12e"/>
      </object_component>
      <object_component id="oc-87">
         <name>.debug_info</name>
         <load_address>0x1955</load_address>
         <run_address>0x1955</run_address>
         <size>0x2c</size>
         <input_file_ref idref="fl-12e"/>
      </object_component>
      <object_component id="oc-a7">
         <name>.debug_info</name>
         <load_address>0x1981</load_address>
         <run_address>0x1981</run_address>
         <size>0x15a</size>
         <input_file_ref idref="fl-130"/>
      </object_component>
      <object_component id="oc-a4">
         <name>.debug_info</name>
         <load_address>0x1adb</load_address>
         <run_address>0x1adb</run_address>
         <size>0xff</size>
         <input_file_ref idref="fl-130"/>
      </object_component>
      <object_component id="oc-6b">
         <name>.debug_info</name>
         <load_address>0x1bda</load_address>
         <run_address>0x1bda</run_address>
         <size>0x1d6</size>
         <input_file_ref idref="fl-130"/>
      </object_component>
      <object_component id="oc-34">
         <name>.debug_info</name>
         <load_address>0x1db0</load_address>
         <run_address>0x1db0</run_address>
         <size>0xe0</size>
         <input_file_ref idref="fl-131"/>
      </object_component>
      <object_component id="oc-4d">
         <name>.debug_info</name>
         <load_address>0x1e90</load_address>
         <run_address>0x1e90</run_address>
         <size>0x110</size>
         <input_file_ref idref="fl-132"/>
      </object_component>
      <object_component id="oc-59">
         <name>.debug_info</name>
         <load_address>0x1fa0</load_address>
         <run_address>0x1fa0</run_address>
         <size>0x111</size>
         <input_file_ref idref="fl-133"/>
      </object_component>
      <object_component id="oc-71">
         <name>.debug_info</name>
         <load_address>0x20b1</load_address>
         <run_address>0x20b1</run_address>
         <size>0xd2</size>
         <input_file_ref idref="fl-134"/>
      </object_component>
      <object_component id="oc-ee">
         <name>.debug_info</name>
         <load_address>0x2183</load_address>
         <run_address>0x2183</run_address>
         <size>0xed</size>
         <input_file_ref idref="fl-135"/>
      </object_component>
      <object_component id="oc-a1">
         <name>.debug_info</name>
         <load_address>0x2270</load_address>
         <run_address>0x2270</run_address>
         <size>0xdc</size>
         <input_file_ref idref="fl-135"/>
      </object_component>
      <object_component id="oc-e7">
         <name>.debug_info</name>
         <load_address>0x234c</load_address>
         <run_address>0x234c</run_address>
         <size>0x1e8</size>
         <input_file_ref idref="fl-135"/>
      </object_component>
      <object_component id="oc-9f">
         <name>.debug_info</name>
         <load_address>0x2534</load_address>
         <run_address>0x2534</run_address>
         <size>0x12f</size>
         <input_file_ref idref="fl-136"/>
      </object_component>
      <object_component id="oc-65">
         <name>.debug_info</name>
         <load_address>0x2663</load_address>
         <run_address>0x2663</run_address>
         <size>0x130</size>
         <input_file_ref idref="fl-136"/>
      </object_component>
      <object_component id="oc-e1">
         <name>.debug_info</name>
         <load_address>0x2793</load_address>
         <run_address>0x2793</run_address>
         <size>0x5e</size>
         <input_file_ref idref="fl-136"/>
      </object_component>
      <object_component id="oc-97">
         <name>.debug_info</name>
         <load_address>0x27f1</load_address>
         <run_address>0x27f1</run_address>
         <size>0x286</size>
         <input_file_ref idref="fl-137"/>
      </object_component>
      <object_component id="oc-61">
         <name>.debug_info</name>
         <load_address>0x2a77</load_address>
         <run_address>0x2a77</run_address>
         <size>0x140</size>
         <input_file_ref idref="fl-137"/>
      </object_component>
      <object_component id="oc-af">
         <name>.debug_info</name>
         <load_address>0x2bb7</load_address>
         <run_address>0x2bb7</run_address>
         <size>0x39</size>
         <input_file_ref idref="fl-137"/>
      </object_component>
      <object_component id="oc-b4">
         <name>.debug_info</name>
         <load_address>0x2bf0</load_address>
         <run_address>0x2bf0</run_address>
         <size>0xcd</size>
         <input_file_ref idref="fl-137"/>
      </object_component>
      <object_component id="oc-ac">
         <name>.debug_info</name>
         <load_address>0x2cbd</load_address>
         <run_address>0x2cbd</run_address>
         <size>0x1a9</size>
         <input_file_ref idref="fl-138"/>
      </object_component>
      <object_component id="oc-91">
         <name>.debug_info</name>
         <load_address>0x2e66</load_address>
         <run_address>0x2e66</run_address>
         <size>0x165</size>
         <input_file_ref idref="fl-138"/>
      </object_component>
      <object_component id="oc-f6">
         <name>.debug_info</name>
         <load_address>0x2fcb</load_address>
         <run_address>0x2fcb</run_address>
         <size>0x2c</size>
         <input_file_ref idref="fl-138"/>
      </object_component>
      <object_component id="oc-146">
         <name>.debug_info</name>
         <load_address>0x2ff7</load_address>
         <run_address>0x2ff7</run_address>
         <size>0x229</size>
         <input_file_ref idref="fl-139"/>
      </object_component>
      <object_component id="oc-bb">
         <name>.debug_info</name>
         <load_address>0x3220</load_address>
         <run_address>0x3220</run_address>
         <size>0x220</size>
         <input_file_ref idref="fl-139"/>
      </object_component>
      <object_component id="oc-163">
         <name>.debug_info</name>
         <load_address>0x3440</load_address>
         <run_address>0x3440</run_address>
         <size>0x1bb</size>
         <input_file_ref idref="fl-13a"/>
      </object_component>
      <object_component id="oc-10a">
         <name>.debug_info</name>
         <load_address>0x35fb</load_address>
         <run_address>0x35fb</run_address>
         <size>0x1be</size>
         <input_file_ref idref="fl-13a"/>
      </object_component>
      <object_component id="oc-c8">
         <name>.debug_info</name>
         <load_address>0x37b9</load_address>
         <run_address>0x37b9</run_address>
         <size>0x1c8</size>
         <input_file_ref idref="fl-13a"/>
      </object_component>
      <object_component id="oc-c1">
         <name>.debug_info</name>
         <load_address>0x3981</load_address>
         <run_address>0x3981</run_address>
         <size>0x1fa</size>
         <input_file_ref idref="fl-13a"/>
      </object_component>
      <object_component id="oc-cd">
         <name>.debug_info</name>
         <load_address>0x3b7b</load_address>
         <run_address>0x3b7b</run_address>
         <size>0x1eb</size>
         <input_file_ref idref="fl-13a"/>
      </object_component>
      <object_component id="oc-193">
         <name>.debug_info</name>
         <load_address>0x3d66</load_address>
         <run_address>0x3d66</run_address>
         <size>0x108</size>
         <input_file_ref idref="fl-13b"/>
      </object_component>
      <object_component id="oc-18d">
         <name>.debug_info</name>
         <load_address>0x3e6e</load_address>
         <run_address>0x3e6e</run_address>
         <size>0x116</size>
         <input_file_ref idref="fl-13b"/>
      </object_component>
      <object_component id="oc-177">
         <name>.debug_info</name>
         <load_address>0x3f84</load_address>
         <run_address>0x3f84</run_address>
         <size>0x20b</size>
         <input_file_ref idref="fl-13b"/>
      </object_component>
      <object_component id="oc-16f">
         <name>.debug_info</name>
         <load_address>0x418f</load_address>
         <run_address>0x418f</run_address>
         <size>0x259</size>
         <input_file_ref idref="fl-13b"/>
      </object_component>
      <object_component id="oc-151">
         <name>.debug_info</name>
         <load_address>0x43e8</load_address>
         <run_address>0x43e8</run_address>
         <size>0x220</size>
         <input_file_ref idref="fl-13b"/>
      </object_component>
      <object_component id="oc-157">
         <name>.debug_info</name>
         <load_address>0x4608</load_address>
         <run_address>0x4608</run_address>
         <size>0x21e</size>
         <input_file_ref idref="fl-13b"/>
      </object_component>
      <object_component id="oc-14b">
         <name>.debug_info</name>
         <load_address>0x4826</load_address>
         <run_address>0x4826</run_address>
         <size>0x21e</size>
         <input_file_ref idref="fl-13b"/>
      </object_component>
      <object_component id="oc-139">
         <name>.debug_info</name>
         <load_address>0x4a44</load_address>
         <run_address>0x4a44</run_address>
         <size>0x222</size>
         <input_file_ref idref="fl-13b"/>
      </object_component>
      <object_component id="oc-13f">
         <name>.debug_info</name>
         <load_address>0x4c66</load_address>
         <run_address>0x4c66</run_address>
         <size>0x26e</size>
         <input_file_ref idref="fl-13b"/>
      </object_component>
      <object_component id="oc-133">
         <name>.debug_info</name>
         <load_address>0x4ed4</load_address>
         <run_address>0x4ed4</run_address>
         <size>0x20d</size>
         <input_file_ref idref="fl-13b"/>
      </object_component>
      <object_component id="oc-16b">
         <name>.debug_info</name>
         <load_address>0x50e1</load_address>
         <run_address>0x50e1</run_address>
         <size>0x218</size>
         <input_file_ref idref="fl-13c"/>
      </object_component>
      <object_component id="oc-167">
         <name>.debug_info</name>
         <load_address>0x52f9</load_address>
         <run_address>0x52f9</run_address>
         <size>0x11f</size>
         <input_file_ref idref="fl-13c"/>
      </object_component>
      <object_component id="oc-12c">
         <name>.debug_info</name>
         <load_address>0x5418</load_address>
         <run_address>0x5418</run_address>
         <size>0x1f2</size>
         <input_file_ref idref="fl-13c"/>
      </object_component>
      <object_component id="oc-11a">
         <name>.debug_info</name>
         <load_address>0x560a</load_address>
         <run_address>0x560a</run_address>
         <size>0x237</size>
         <input_file_ref idref="fl-13c"/>
      </object_component>
      <object_component id="oc-126">
         <name>.debug_info</name>
         <load_address>0x5841</load_address>
         <run_address>0x5841</run_address>
         <size>0x239</size>
         <input_file_ref idref="fl-13c"/>
      </object_component>
      <object_component id="oc-120">
         <name>.debug_info</name>
         <load_address>0x5a7a</load_address>
         <run_address>0x5a7a</run_address>
         <size>0x20c</size>
         <input_file_ref idref="fl-13c"/>
      </object_component>
      <object_component id="oc-d3">
         <name>.debug_info</name>
         <load_address>0x5c86</load_address>
         <run_address>0x5c86</run_address>
         <size>0x27e</size>
         <input_file_ref idref="fl-13c"/>
      </object_component>
      <object_component id="oc-10e">
         <name>.debug_info</name>
         <load_address>0x5f04</load_address>
         <run_address>0x5f04</run_address>
         <size>0x20b</size>
         <input_file_ref idref="fl-13c"/>
      </object_component>
      <object_component id="oc-114">
         <name>.debug_info</name>
         <load_address>0x610f</load_address>
         <run_address>0x610f</run_address>
         <size>0x220</size>
         <input_file_ref idref="fl-13c"/>
      </object_component>
      <object_component id="oc-fe">
         <name>.debug_info</name>
         <load_address>0x632f</load_address>
         <run_address>0x632f</run_address>
         <size>0x19a</size>
         <input_file_ref idref="fl-13e"/>
      </object_component>
      <object_component id="oc-1bb">
         <name>.debug_info</name>
         <load_address>0x64c9</load_address>
         <run_address>0x64c9</run_address>
         <size>0xbd</size>
      </object_component>
      <object_component id="oc-18a">
         <name>.debug_line</name>
         <load_address>0x0</load_address>
         <run_address>0x0</run_address>
         <size>0x55</size>
         <input_file_ref idref="fl-2"/>
      </object_component>
      <object_component id="oc-7a">
         <name>.debug_line</name>
         <load_address>0x55</load_address>
         <run_address>0x55</run_address>
         <size>0x20</size>
         <input_file_ref idref="fl-2"/>
      </object_component>
      <object_component id="oc-107">
         <name>.debug_line</name>
         <load_address>0x75</load_address>
         <run_address>0x75</run_address>
         <size>0x53</size>
         <input_file_ref idref="fl-2"/>
      </object_component>
      <object_component id="oc-9c">
         <name>.debug_line</name>
         <load_address>0xc8</load_address>
         <run_address>0xc8</run_address>
         <size>0x93</size>
         <input_file_ref idref="fl-3"/>
      </object_component>
      <object_component id="oc-dc">
         <name>.debug_line</name>
         <load_address>0x15b</load_address>
         <run_address>0x15b</run_address>
         <size>0x7f</size>
         <input_file_ref idref="fl-4"/>
      </object_component>
      <object_component id="oc-76">
         <name>.debug_line</name>
         <load_address>0x1da</load_address>
         <run_address>0x1da</run_address>
         <size>0x61</size>
         <input_file_ref idref="fl-5"/>
      </object_component>
      <object_component id="oc-31">
         <name>.debug_line</name>
         <load_address>0x23b</load_address>
         <run_address>0x23b</run_address>
         <size>0x61</size>
         <input_file_ref idref="fl-5"/>
      </object_component>
      <object_component id="oc-2e">
         <name>.debug_line</name>
         <load_address>0x29c</load_address>
         <run_address>0x29c</run_address>
         <size>0xd9</size>
         <input_file_ref idref="fl-5"/>
      </object_component>
      <object_component id="oc-28">
         <name>.debug_line</name>
         <load_address>0x375</load_address>
         <run_address>0x375</run_address>
         <size>0x4c</size>
         <input_file_ref idref="fl-12c"/>
      </object_component>
      <object_component id="oc-83">
         <name>.debug_line</name>
         <load_address>0x3c1</load_address>
         <run_address>0x3c1</run_address>
         <size>0x5a</size>
         <input_file_ref idref="fl-12d"/>
      </object_component>
      <object_component id="oc-17">
         <name>.debug_line</name>
         <load_address>0x41b</load_address>
         <run_address>0x41b</run_address>
         <size>0x55</size>
         <input_file_ref idref="fl-12d"/>
      </object_component>
      <object_component id="oc-3c">
         <name>.debug_line</name>
         <load_address>0x470</load_address>
         <run_address>0x470</run_address>
         <size>0x3a</size>
         <input_file_ref idref="fl-12d"/>
      </object_component>
      <object_component id="oc-80">
         <name>.debug_line</name>
         <load_address>0x4aa</load_address>
         <run_address>0x4aa</run_address>
         <size>0x5a</size>
         <input_file_ref idref="fl-12d"/>
      </object_component>
      <object_component id="oc-86">
         <name>.debug_line</name>
         <load_address>0x504</load_address>
         <run_address>0x504</run_address>
         <size>0x5a</size>
         <input_file_ref idref="fl-12e"/>
      </object_component>
      <object_component id="oc-43">
         <name>.debug_line</name>
         <load_address>0x55e</load_address>
         <run_address>0x55e</run_address>
         <size>0x98</size>
         <input_file_ref idref="fl-12e"/>
      </object_component>
      <object_component id="oc-1a">
         <name>.debug_line</name>
         <load_address>0x5f6</load_address>
         <run_address>0x5f6</run_address>
         <size>0x4b</size>
         <input_file_ref idref="fl-12e"/>
      </object_component>
      <object_component id="oc-4a">
         <name>.debug_line</name>
         <load_address>0x641</load_address>
         <run_address>0x641</run_address>
         <size>0x39</size>
         <input_file_ref idref="fl-12e"/>
      </object_component>
      <object_component id="oc-8a">
         <name>.debug_line</name>
         <load_address>0x67a</load_address>
         <run_address>0x67a</run_address>
         <size>0x5a</size>
         <input_file_ref idref="fl-12e"/>
      </object_component>
      <object_component id="oc-f3">
         <name>.debug_line</name>
         <load_address>0x6d4</load_address>
         <run_address>0x6d4</run_address>
         <size>0x59</size>
         <input_file_ref idref="fl-130"/>
      </object_component>
      <object_component id="oc-f1">
         <name>.debug_line</name>
         <load_address>0x72d</load_address>
         <run_address>0x72d</run_address>
         <size>0x2a</size>
         <input_file_ref idref="fl-130"/>
      </object_component>
      <object_component id="oc-6f">
         <name>.debug_line</name>
         <load_address>0x757</load_address>
         <run_address>0x757</run_address>
         <size>0x7a</size>
         <input_file_ref idref="fl-130"/>
      </object_component>
      <object_component id="oc-37">
         <name>.debug_line</name>
         <load_address>0x7d1</load_address>
         <run_address>0x7d1</run_address>
         <size>0x88</size>
         <input_file_ref idref="fl-131"/>
      </object_component>
      <object_component id="oc-50">
         <name>.debug_line</name>
         <load_address>0x859</load_address>
         <run_address>0x859</run_address>
         <size>0x79</size>
         <input_file_ref idref="fl-132"/>
      </object_component>
      <object_component id="oc-5c">
         <name>.debug_line</name>
         <load_address>0x8d2</load_address>
         <run_address>0x8d2</run_address>
         <size>0x40</size>
         <input_file_ref idref="fl-133"/>
      </object_component>
      <object_component id="oc-aa">
         <name>.debug_line</name>
         <load_address>0x912</load_address>
         <run_address>0x912</run_address>
         <size>0x33</size>
         <input_file_ref idref="fl-134"/>
      </object_component>
      <object_component id="oc-15f">
         <name>.debug_line</name>
         <load_address>0x945</load_address>
         <run_address>0x945</run_address>
         <size>0x20</size>
         <input_file_ref idref="fl-135"/>
      </object_component>
      <object_component id="oc-ed">
         <name>.debug_line</name>
         <load_address>0x965</load_address>
         <run_address>0x965</run_address>
         <size>0x2b</size>
         <input_file_ref idref="fl-135"/>
      </object_component>
      <object_component id="oc-ea">
         <name>.debug_line</name>
         <load_address>0x990</load_address>
         <run_address>0x990</run_address>
         <size>0x68</size>
         <input_file_ref idref="fl-135"/>
      </object_component>
      <object_component id="oc-e0">
         <name>.debug_line</name>
         <load_address>0x9f8</load_address>
         <run_address>0x9f8</run_address>
         <size>0x2b</size>
         <input_file_ref idref="fl-136"/>
      </object_component>
      <object_component id="oc-68">
         <name>.debug_line</name>
         <load_address>0xa23</load_address>
         <run_address>0xa23</run_address>
         <size>0x50</size>
         <input_file_ref idref="fl-136"/>
      </object_component>
      <object_component id="oc-e4">
         <name>.debug_line</name>
         <load_address>0xa73</load_address>
         <run_address>0xa73</run_address>
         <size>0x2b</size>
         <input_file_ref idref="fl-136"/>
      </object_component>
      <object_component id="oc-ae">
         <name>.debug_line</name>
         <load_address>0xa9e</load_address>
         <run_address>0xa9e</run_address>
         <size>0x69</size>
         <input_file_ref idref="fl-137"/>
      </object_component>
      <object_component id="oc-60">
         <name>.debug_line</name>
         <load_address>0xb07</load_address>
         <run_address>0xb07</run_address>
         <size>0x79</size>
         <input_file_ref idref="fl-137"/>
      </object_component>
      <object_component id="oc-b2">
         <name>.debug_line</name>
         <load_address>0xb80</load_address>
         <run_address>0xb80</run_address>
         <size>0x2e</size>
         <input_file_ref idref="fl-137"/>
      </object_component>
      <object_component id="oc-b7">
         <name>.debug_line</name>
         <load_address>0xbae</load_address>
         <run_address>0xbae</run_address>
         <size>0x5b</size>
         <input_file_ref idref="fl-137"/>
      </object_component>
      <object_component id="oc-f5">
         <name>.debug_line</name>
         <load_address>0xc09</load_address>
         <run_address>0xc09</run_address>
         <size>0x68</size>
         <input_file_ref idref="fl-138"/>
      </object_component>
      <object_component id="oc-94">
         <name>.debug_line</name>
         <load_address>0xc71</load_address>
         <run_address>0xc71</run_address>
         <size>0x68</size>
         <input_file_ref idref="fl-138"/>
      </object_component>
      <object_component id="oc-f9">
         <name>.debug_line</name>
         <load_address>0xcd9</load_address>
         <run_address>0xcd9</run_address>
         <size>0x2e</size>
         <input_file_ref idref="fl-138"/>
      </object_component>
      <object_component id="oc-149">
         <name>.debug_line</name>
         <load_address>0xd07</load_address>
         <run_address>0xd07</run_address>
         <size>0x77</size>
         <input_file_ref idref="fl-139"/>
      </object_component>
      <object_component id="oc-be">
         <name>.debug_line</name>
         <load_address>0xd7e</load_address>
         <run_address>0xd7e</run_address>
         <size>0x77</size>
         <input_file_ref idref="fl-139"/>
      </object_component>
      <object_component id="oc-182">
         <name>.debug_line</name>
         <load_address>0xdf5</load_address>
         <run_address>0xdf5</run_address>
         <size>0x5e</size>
         <input_file_ref idref="fl-13a"/>
      </object_component>
      <object_component id="oc-162">
         <name>.debug_line</name>
         <load_address>0xe53</load_address>
         <run_address>0xe53</run_address>
         <size>0x64</size>
         <input_file_ref idref="fl-13a"/>
      </object_component>
      <object_component id="oc-c7">
         <name>.debug_line</name>
         <load_address>0xeb7</load_address>
         <run_address>0xeb7</run_address>
         <size>0x7c</size>
         <input_file_ref idref="fl-13a"/>
      </object_component>
      <object_component id="oc-c4">
         <name>.debug_line</name>
         <load_address>0xf33</load_address>
         <run_address>0xf33</run_address>
         <size>0x7c</size>
         <input_file_ref idref="fl-13a"/>
      </object_component>
      <object_component id="oc-d0">
         <name>.debug_line</name>
         <load_address>0xfaf</load_address>
         <run_address>0xfaf</run_address>
         <size>0xad</size>
         <input_file_ref idref="fl-13a"/>
      </object_component>
      <object_component id="oc-195">
         <name>.debug_line</name>
         <load_address>0x105c</load_address>
         <run_address>0x105c</run_address>
         <size>0x20</size>
         <input_file_ref idref="fl-13b"/>
      </object_component>
      <object_component id="oc-192">
         <name>.debug_line</name>
         <load_address>0x107c</load_address>
         <run_address>0x107c</run_address>
         <size>0x5e</size>
         <input_file_ref idref="fl-13b"/>
      </object_component>
      <object_component id="oc-179">
         <name>.debug_line</name>
         <load_address>0x10da</load_address>
         <run_address>0x10da</run_address>
         <size>0x78</size>
         <input_file_ref idref="fl-13b"/>
      </object_component>
      <object_component id="oc-172">
         <name>.debug_line</name>
         <load_address>0x1152</load_address>
         <run_address>0x1152</run_address>
         <size>0x84</size>
         <input_file_ref idref="fl-13b"/>
      </object_component>
      <object_component id="oc-154">
         <name>.debug_line</name>
         <load_address>0x11d6</load_address>
         <run_address>0x11d6</run_address>
         <size>0x77</size>
         <input_file_ref idref="fl-13b"/>
      </object_component>
      <object_component id="oc-15a">
         <name>.debug_line</name>
         <load_address>0x124d</load_address>
         <run_address>0x124d</run_address>
         <size>0x77</size>
         <input_file_ref idref="fl-13b"/>
      </object_component>
      <object_component id="oc-14e">
         <name>.debug_line</name>
         <load_address>0x12c4</load_address>
         <run_address>0x12c4</run_address>
         <size>0x77</size>
         <input_file_ref idref="fl-13b"/>
      </object_component>
      <object_component id="oc-13c">
         <name>.debug_line</name>
         <load_address>0x133b</load_address>
         <run_address>0x133b</run_address>
         <size>0x77</size>
         <input_file_ref idref="fl-13b"/>
      </object_component>
      <object_component id="oc-142">
         <name>.debug_line</name>
         <load_address>0x13b2</load_address>
         <run_address>0x13b2</run_address>
         <size>0x82</size>
         <input_file_ref idref="fl-13b"/>
      </object_component>
      <object_component id="oc-136">
         <name>.debug_line</name>
         <load_address>0x1434</load_address>
         <run_address>0x1434</run_address>
         <size>0x76</size>
         <input_file_ref idref="fl-13b"/>
      </object_component>
      <object_component id="oc-186">
         <name>.debug_line</name>
         <load_address>0x14aa</load_address>
         <run_address>0x14aa</run_address>
         <size>0x122</size>
         <input_file_ref idref="fl-13c"/>
      </object_component>
      <object_component id="oc-184">
         <name>.debug_line</name>
         <load_address>0x15cc</load_address>
         <run_address>0x15cc</run_address>
         <size>0x5f</size>
         <input_file_ref idref="fl-13c"/>
      </object_component>
      <object_component id="oc-12f">
         <name>.debug_line</name>
         <load_address>0x162b</load_address>
         <run_address>0x162b</run_address>
         <size>0x81</size>
         <input_file_ref idref="fl-13c"/>
      </object_component>
      <object_component id="oc-11d">
         <name>.debug_line</name>
         <load_address>0x16ac</load_address>
         <run_address>0x16ac</run_address>
         <size>0x80</size>
         <input_file_ref idref="fl-13c"/>
      </object_component>
      <object_component id="oc-129">
         <name>.debug_line</name>
         <load_address>0x172c</load_address>
         <run_address>0x172c</run_address>
         <size>0x77</size>
         <input_file_ref idref="fl-13c"/>
      </object_component>
      <object_component id="oc-123">
         <name>.debug_line</name>
         <load_address>0x17a3</load_address>
         <run_address>0x17a3</run_address>
         <size>0x89</size>
         <input_file_ref idref="fl-13c"/>
      </object_component>
      <object_component id="oc-d6">
         <name>.debug_line</name>
         <load_address>0x182c</load_address>
         <run_address>0x182c</run_address>
         <size>0xc8</size>
         <input_file_ref idref="fl-13c"/>
      </object_component>
      <object_component id="oc-111">
         <name>.debug_line</name>
         <load_address>0x18f4</load_address>
         <run_address>0x18f4</run_address>
         <size>0x79</size>
         <input_file_ref idref="fl-13c"/>
      </object_component>
      <object_component id="oc-117">
         <name>.debug_line</name>
         <load_address>0x196d</load_address>
         <run_address>0x196d</run_address>
         <size>0x78</size>
         <input_file_ref idref="fl-13c"/>
      </object_component>
      <object_component id="oc-101">
         <name>.debug_line</name>
         <load_address>0x19e5</load_address>
         <run_address>0x19e5</run_address>
         <size>0x77</size>
         <input_file_ref idref="fl-13e"/>
      </object_component>
      <object_component id="oc-189">
         <name>.debug_abbrev</name>
         <load_address>0x0</load_address>
         <run_address>0x0</run_address>
         <size>0x4b</size>
         <input_file_ref idref="fl-2"/>
      </object_component>
      <object_component id="oc-79">
         <name>.debug_abbrev</name>
         <load_address>0x4b</load_address>
         <run_address>0x4b</run_address>
         <size>0x1f</size>
         <input_file_ref idref="fl-2"/>
      </object_component>
      <object_component id="oc-106">
         <name>.debug_abbrev</name>
         <load_address>0x6a</load_address>
         <run_address>0x6a</run_address>
         <size>0x24</size>
         <input_file_ref idref="fl-2"/>
      </object_component>
      <object_component id="oc-de">
         <name>.debug_abbrev</name>
         <load_address>0x8e</load_address>
         <run_address>0x8e</run_address>
         <size>0xc6</size>
         <input_file_ref idref="fl-3"/>
      </object_component>
      <object_component id="oc-15c">
         <name>.debug_abbrev</name>
         <load_address>0x154</load_address>
         <run_address>0x154</run_address>
         <size>0x5e</size>
         <input_file_ref idref="fl-4"/>
      </object_component>
      <object_component id="oc-75">
         <name>.debug_abbrev</name>
         <load_address>0x1b2</load_address>
         <run_address>0x1b2</run_address>
         <size>0x5d</size>
         <input_file_ref idref="fl-5"/>
      </object_component>
      <object_component id="oc-30">
         <name>.debug_abbrev</name>
         <load_address>0x20f</load_address>
         <run_address>0x20f</run_address>
         <size>0x29</size>
         <input_file_ref idref="fl-5"/>
      </object_component>
      <object_component id="oc-74">
         <name>.debug_abbrev</name>
         <load_address>0x238</load_address>
         <run_address>0x238</run_address>
         <size>0xa2</size>
         <input_file_ref idref="fl-5"/>
      </object_component>
      <object_component id="oc-73">
         <name>.debug_abbrev</name>
         <load_address>0x2da</load_address>
         <run_address>0x2da</run_address>
         <size>0x3d</size>
         <input_file_ref idref="fl-12c"/>
      </object_component>
      <object_component id="oc-82">
         <name>.debug_abbrev</name>
         <load_address>0x317</load_address>
         <run_address>0x317</run_address>
         <size>0x52</size>
         <input_file_ref idref="fl-12d"/>
      </object_component>
      <object_component id="oc-38">
         <name>.debug_abbrev</name>
         <load_address>0x369</load_address>
         <run_address>0x369</run_address>
         <size>0x74</size>
         <input_file_ref idref="fl-12d"/>
      </object_component>
      <object_component id="oc-3b">
         <name>.debug_abbrev</name>
         <load_address>0x3dd</load_address>
         <run_address>0x3dd</run_address>
         <size>0x24</size>
         <input_file_ref idref="fl-12d"/>
      </object_component>
      <object_component id="oc-7f">
         <name>.debug_abbrev</name>
         <load_address>0x401</load_address>
         <run_address>0x401</run_address>
         <size>0x24</size>
         <input_file_ref idref="fl-12d"/>
      </object_component>
      <object_component id="oc-85">
         <name>.debug_abbrev</name>
         <load_address>0x425</load_address>
         <run_address>0x425</run_address>
         <size>0x52</size>
         <input_file_ref idref="fl-12e"/>
      </object_component>
      <object_component id="oc-84">
         <name>.debug_abbrev</name>
         <load_address>0x477</load_address>
         <run_address>0x477</run_address>
         <size>0x7b</size>
         <input_file_ref idref="fl-12e"/>
      </object_component>
      <object_component id="oc-45">
         <name>.debug_abbrev</name>
         <load_address>0x4f2</load_address>
         <run_address>0x4f2</run_address>
         <size>0x74</size>
         <input_file_ref idref="fl-12e"/>
      </object_component>
      <object_component id="oc-49">
         <name>.debug_abbrev</name>
         <load_address>0x566</load_address>
         <run_address>0x566</run_address>
         <size>0x24</size>
         <input_file_ref idref="fl-12e"/>
      </object_component>
      <object_component id="oc-89">
         <name>.debug_abbrev</name>
         <load_address>0x58a</load_address>
         <run_address>0x58a</run_address>
         <size>0x24</size>
         <input_file_ref idref="fl-12e"/>
      </object_component>
      <object_component id="oc-f2">
         <name>.debug_abbrev</name>
         <load_address>0x5ae</load_address>
         <run_address>0x5ae</run_address>
         <size>0x6b</size>
         <input_file_ref idref="fl-130"/>
      </object_component>
      <object_component id="oc-f0">
         <name>.debug_abbrev</name>
         <load_address>0x619</load_address>
         <run_address>0x619</run_address>
         <size>0x29</size>
         <input_file_ref idref="fl-130"/>
      </object_component>
      <object_component id="oc-a6">
         <name>.debug_abbrev</name>
         <load_address>0x642</load_address>
         <run_address>0x642</run_address>
         <size>0xba</size>
         <input_file_ref idref="fl-130"/>
      </object_component>
      <object_component id="oc-7c">
         <name>.debug_abbrev</name>
         <load_address>0x6fc</load_address>
         <run_address>0x6fc</run_address>
         <size>0x3d</size>
         <input_file_ref idref="fl-131"/>
      </object_component>
      <object_component id="oc-8c">
         <name>.debug_abbrev</name>
         <load_address>0x739</load_address>
         <run_address>0x739</run_address>
         <size>0x4d</size>
         <input_file_ref idref="fl-132"/>
      </object_component>
      <object_component id="oc-8f">
         <name>.debug_abbrev</name>
         <load_address>0x786</load_address>
         <run_address>0x786</run_address>
         <size>0x55</size>
         <input_file_ref idref="fl-133"/>
      </object_component>
      <object_component id="oc-a9">
         <name>.debug_abbrev</name>
         <load_address>0x7db</load_address>
         <run_address>0x7db</run_address>
         <size>0x27</size>
         <input_file_ref idref="fl-134"/>
      </object_component>
      <object_component id="oc-15e">
         <name>.debug_abbrev</name>
         <load_address>0x802</load_address>
         <run_address>0x802</run_address>
         <size>0x45</size>
         <input_file_ref idref="fl-135"/>
      </object_component>
      <object_component id="oc-ec">
         <name>.debug_abbrev</name>
         <load_address>0x847</load_address>
         <run_address>0x847</run_address>
         <size>0x29</size>
         <input_file_ref idref="fl-135"/>
      </object_component>
      <object_component id="oc-15d">
         <name>.debug_abbrev</name>
         <load_address>0x870</load_address>
         <run_address>0x870</run_address>
         <size>0x6f</size>
         <input_file_ref idref="fl-135"/>
      </object_component>
      <object_component id="oc-df">
         <name>.debug_abbrev</name>
         <load_address>0x8df</load_address>
         <run_address>0x8df</run_address>
         <size>0x8e</size>
         <input_file_ref idref="fl-136"/>
      </object_component>
      <object_component id="oc-9e">
         <name>.debug_abbrev</name>
         <load_address>0x96d</load_address>
         <run_address>0x96d</run_address>
         <size>0x68</size>
         <input_file_ref idref="fl-136"/>
      </object_component>
      <object_component id="oc-e3">
         <name>.debug_abbrev</name>
         <load_address>0x9d5</load_address>
         <run_address>0x9d5</run_address>
         <size>0x49</size>
         <input_file_ref idref="fl-136"/>
      </object_component>
      <object_component id="oc-ad">
         <name>.debug_abbrev</name>
         <load_address>0xa1e</load_address>
         <run_address>0xa1e</run_address>
         <size>0x9a</size>
         <input_file_ref idref="fl-137"/>
      </object_component>
      <object_component id="oc-96">
         <name>.debug_abbrev</name>
         <load_address>0xab8</load_address>
         <run_address>0xab8</run_address>
         <size>0x7e</size>
         <input_file_ref idref="fl-137"/>
      </object_component>
      <object_component id="oc-b1">
         <name>.debug_abbrev</name>
         <load_address>0xb36</load_address>
         <run_address>0xb36</run_address>
         <size>0x24</size>
         <input_file_ref idref="fl-137"/>
      </object_component>
      <object_component id="oc-b6">
         <name>.debug_abbrev</name>
         <load_address>0xb5a</load_address>
         <run_address>0xb5a</run_address>
         <size>0x4b</size>
         <input_file_ref idref="fl-137"/>
      </object_component>
      <object_component id="oc-f4">
         <name>.debug_abbrev</name>
         <load_address>0xba5</load_address>
         <run_address>0xba5</run_address>
         <size>0x9c</size>
         <input_file_ref idref="fl-138"/>
      </object_component>
      <object_component id="oc-ab">
         <name>.debug_abbrev</name>
         <load_address>0xc41</load_address>
         <run_address>0xc41</run_address>
         <size>0x8c</size>
         <input_file_ref idref="fl-138"/>
      </object_component>
      <object_component id="oc-f8">
         <name>.debug_abbrev</name>
         <load_address>0xccd</load_address>
         <run_address>0xccd</run_address>
         <size>0x24</size>
         <input_file_ref idref="fl-138"/>
      </object_component>
      <object_component id="oc-17d">
         <name>.debug_abbrev</name>
         <load_address>0xcf1</load_address>
         <run_address>0xcf1</run_address>
         <size>0x6c</size>
         <input_file_ref idref="fl-139"/>
      </object_component>
      <object_component id="oc-fb">
         <name>.debug_abbrev</name>
         <load_address>0xd5d</load_address>
         <run_address>0xd5d</run_address>
         <size>0x6c</size>
         <input_file_ref idref="fl-139"/>
      </object_component>
      <object_component id="oc-181">
         <name>.debug_abbrev</name>
         <load_address>0xdc9</load_address>
         <run_address>0xdc9</run_address>
         <size>0x7a</size>
         <input_file_ref idref="fl-13a"/>
      </object_component>
      <object_component id="oc-161">
         <name>.debug_abbrev</name>
         <load_address>0xe43</load_address>
         <run_address>0xe43</run_address>
         <size>0x27</size>
         <input_file_ref idref="fl-13a"/>
      </object_component>
      <object_component id="oc-103">
         <name>.debug_abbrev</name>
         <load_address>0xe6a</load_address>
         <run_address>0xe6a</run_address>
         <size>0x60</size>
         <input_file_ref idref="fl-13a"/>
      </object_component>
      <object_component id="oc-fc">
         <name>.debug_abbrev</name>
         <load_address>0xeca</load_address>
         <run_address>0xeca</run_address>
         <size>0x6c</size>
         <input_file_ref idref="fl-13a"/>
      </object_component>
      <object_component id="oc-10c">
         <name>.debug_abbrev</name>
         <load_address>0xf36</load_address>
         <run_address>0xf36</run_address>
         <size>0x6c</size>
         <input_file_ref idref="fl-13a"/>
      </object_component>
      <object_component id="oc-194">
         <name>.debug_abbrev</name>
         <load_address>0xfa2</load_address>
         <run_address>0xfa2</run_address>
         <size>0x37</size>
         <input_file_ref idref="fl-13b"/>
      </object_component>
      <object_component id="oc-191">
         <name>.debug_abbrev</name>
         <load_address>0xfd9</load_address>
         <run_address>0xfd9</run_address>
         <size>0x27</size>
         <input_file_ref idref="fl-13b"/>
      </object_component>
      <object_component id="oc-190">
         <name>.debug_abbrev</name>
         <load_address>0x1000</load_address>
         <run_address>0x1000</run_address>
         <size>0x6c</size>
         <input_file_ref idref="fl-13b"/>
      </object_component>
      <object_component id="oc-18f">
         <name>.debug_abbrev</name>
         <load_address>0x106c</load_address>
         <run_address>0x106c</run_address>
         <size>0x6c</size>
         <input_file_ref idref="fl-13b"/>
      </object_component>
      <object_component id="oc-17f">
         <name>.debug_abbrev</name>
         <load_address>0x10d8</load_address>
         <run_address>0x10d8</run_address>
         <size>0x7a</size>
         <input_file_ref idref="fl-13b"/>
      </object_component>
      <object_component id="oc-180">
         <name>.debug_abbrev</name>
         <load_address>0x1152</load_address>
         <run_address>0x1152</run_address>
         <size>0x7a</size>
         <input_file_ref idref="fl-13b"/>
      </object_component>
      <object_component id="oc-17e">
         <name>.debug_abbrev</name>
         <load_address>0x11cc</load_address>
         <run_address>0x11cc</run_address>
         <size>0x7a</size>
         <input_file_ref idref="fl-13b"/>
      </object_component>
      <object_component id="oc-17b">
         <name>.debug_abbrev</name>
         <load_address>0x1246</load_address>
         <run_address>0x1246</run_address>
         <size>0x7a</size>
         <input_file_ref idref="fl-13b"/>
      </object_component>
      <object_component id="oc-17c">
         <name>.debug_abbrev</name>
         <load_address>0x12c0</load_address>
         <run_address>0x12c0</run_address>
         <size>0x7a</size>
         <input_file_ref idref="fl-13b"/>
      </object_component>
      <object_component id="oc-174">
         <name>.debug_abbrev</name>
         <load_address>0x133a</load_address>
         <run_address>0x133a</run_address>
         <size>0x7a</size>
         <input_file_ref idref="fl-13b"/>
      </object_component>
      <object_component id="oc-185">
         <name>.debug_abbrev</name>
         <load_address>0x13b4</load_address>
         <run_address>0x13b4</run_address>
         <size>0x86</size>
         <input_file_ref idref="fl-13c"/>
      </object_component>
      <object_component id="oc-183">
         <name>.debug_abbrev</name>
         <load_address>0x143a</load_address>
         <run_address>0x143a</run_address>
         <size>0x27</size>
         <input_file_ref idref="fl-13c"/>
      </object_component>
      <object_component id="oc-16d">
         <name>.debug_abbrev</name>
         <load_address>0x1461</load_address>
         <run_address>0x1461</run_address>
         <size>0x6e</size>
         <input_file_ref idref="fl-13c"/>
      </object_component>
      <object_component id="oc-169">
         <name>.debug_abbrev</name>
         <load_address>0x14cf</load_address>
         <run_address>0x14cf</run_address>
         <size>0x6c</size>
         <input_file_ref idref="fl-13c"/>
      </object_component>
      <object_component id="oc-16c">
         <name>.debug_abbrev</name>
         <load_address>0x153b</load_address>
         <run_address>0x153b</run_address>
         <size>0x6c</size>
         <input_file_ref idref="fl-13c"/>
      </object_component>
      <object_component id="oc-16a">
         <name>.debug_abbrev</name>
         <load_address>0x15a7</load_address>
         <run_address>0x15a7</run_address>
         <size>0x6c</size>
         <input_file_ref idref="fl-13c"/>
      </object_component>
      <object_component id="oc-131">
         <name>.debug_abbrev</name>
         <load_address>0x1613</load_address>
         <run_address>0x1613</run_address>
         <size>0x6c</size>
         <input_file_ref idref="fl-13c"/>
      </object_component>
      <object_component id="oc-164">
         <name>.debug_abbrev</name>
         <load_address>0x167f</load_address>
         <run_address>0x167f</run_address>
         <size>0x7c</size>
         <input_file_ref idref="fl-13c"/>
      </object_component>
      <object_component id="oc-165">
         <name>.debug_abbrev</name>
         <load_address>0x16fb</load_address>
         <run_address>0x16fb</run_address>
         <size>0x7a</size>
         <input_file_ref idref="fl-13c"/>
      </object_component>
      <object_component id="oc-160">
         <name>.debug_abbrev</name>
         <load_address>0x1775</load_address>
         <run_address>0x1775</run_address>
         <size>0x52</size>
         <input_file_ref idref="fl-13e"/>
      </object_component>
      <object_component id="oc-1bc">
         <name>.debug_abbrev</name>
         <load_address>0x17c7</load_address>
         <run_address>0x17c7</run_address>
         <size>0xf</size>
      </object_component>
      <object_component id="oc-18b">
         <name>.debug_str</name>
         <load_address>0x0</load_address>
         <run_address>0x0</run_address>
         <size>0x116</size>
         <input_file_ref idref="fl-2"/>
      </object_component>
      <object_component id="oc-7b">
         <name>.debug_str</name>
         <load_address>0x116</load_address>
         <run_address>0x116</run_address>
         <size>0xf5</size>
         <input_file_ref idref="fl-2"/>
      </object_component>
      <object_component id="oc-108">
         <name>.debug_str</name>
         <load_address>0x20b</load_address>
         <run_address>0x20b</run_address>
         <size>0xe3</size>
         <input_file_ref idref="fl-2"/>
      </object_component>
      <object_component id="oc-3d">
         <name>.debug_str</name>
         <load_address>0x2ee</load_address>
         <run_address>0x2ee</run_address>
         <size>0xc9</size>
         <input_file_ref idref="fl-12d"/>
      </object_component>
      <object_component id="oc-81">
         <name>.debug_str</name>
         <load_address>0x3b7</load_address>
         <run_address>0x3b7</run_address>
         <size>0xc6</size>
         <input_file_ref idref="fl-12d"/>
      </object_component>
      <object_component id="oc-4b">
         <name>.debug_str</name>
         <load_address>0x47d</load_address>
         <run_address>0x47d</run_address>
         <size>0xbb</size>
         <input_file_ref idref="fl-12e"/>
      </object_component>
      <object_component id="oc-8b">
         <name>.debug_str</name>
         <load_address>0x538</load_address>
         <run_address>0x538</run_address>
         <size>0xc6</size>
         <input_file_ref idref="fl-12e"/>
      </object_component>
      <object_component id="oc-e5">
         <name>.debug_str</name>
         <load_address>0x5fe</load_address>
         <run_address>0x5fe</run_address>
         <size>0x9f</size>
         <input_file_ref idref="fl-136"/>
      </object_component>
      <object_component id="oc-b3">
         <name>.debug_str</name>
         <load_address>0x69d</load_address>
         <run_address>0x69d</run_address>
         <size>0xab</size>
         <input_file_ref idref="fl-137"/>
      </object_component>
      <object_component id="oc-b8">
         <name>.debug_str</name>
         <load_address>0x748</load_address>
         <run_address>0x748</run_address>
         <size>0x11d</size>
         <input_file_ref idref="fl-137"/>
      </object_component>
      <object_component id="oc-fa">
         <name>.debug_str</name>
         <load_address>0x865</load_address>
         <run_address>0x865</run_address>
         <size>0xa0</size>
         <input_file_ref idref="fl-138"/>
      </object_component>
      <object_component id="oc-188">
         <name>.debug_pubtypes</name>
         <load_address>0x0</load_address>
         <run_address>0x0</run_address>
         <size>0x42</size>
         <input_file_ref idref="fl-2"/>
      </object_component>
      <object_component id="oc-78">
         <name>.debug_pubtypes</name>
         <load_address>0x42</load_address>
         <run_address>0x42</run_address>
         <size>0xed</size>
         <input_file_ref idref="fl-2"/>
      </object_component>
      <object_component id="oc-105">
         <name>.debug_pubtypes</name>
         <load_address>0x12f</load_address>
         <run_address>0x12f</run_address>
         <size>0x1f</size>
         <input_file_ref idref="fl-2"/>
      </object_component>
      <object_component id="oc-3a">
         <name>.debug_pubtypes</name>
         <load_address>0x14e</load_address>
         <run_address>0x14e</run_address>
         <size>0x48</size>
         <input_file_ref idref="fl-12d"/>
      </object_component>
      <object_component id="oc-7e">
         <name>.debug_pubtypes</name>
         <load_address>0x196</load_address>
         <run_address>0x196</run_address>
         <size>0x1d</size>
         <input_file_ref idref="fl-12d"/>
      </object_component>
      <object_component id="oc-48">
         <name>.debug_pubtypes</name>
         <load_address>0x1b3</load_address>
         <run_address>0x1b3</run_address>
         <size>0x37</size>
         <input_file_ref idref="fl-12e"/>
      </object_component>
      <object_component id="oc-88">
         <name>.debug_pubtypes</name>
         <load_address>0x1ea</load_address>
         <run_address>0x1ea</run_address>
         <size>0x1d</size>
         <input_file_ref idref="fl-12e"/>
      </object_component>
      <object_component id="oc-a8">
         <name>.debug_pubtypes</name>
         <load_address>0x207</load_address>
         <run_address>0x207</run_address>
         <size>0x1f</size>
         <input_file_ref idref="fl-130"/>
      </object_component>
      <object_component id="oc-ef">
         <name>.debug_pubtypes</name>
         <load_address>0x226</load_address>
         <run_address>0x226</run_address>
         <size>0x1f</size>
         <input_file_ref idref="fl-135"/>
      </object_component>
      <object_component id="oc-e2">
         <name>.debug_pubtypes</name>
         <load_address>0x245</load_address>
         <run_address>0x245</run_address>
         <size>0x1b</size>
         <input_file_ref idref="fl-136"/>
      </object_component>
      <object_component id="oc-b0">
         <name>.debug_pubtypes</name>
         <load_address>0x260</load_address>
         <run_address>0x260</run_address>
         <size>0x32</size>
         <input_file_ref idref="fl-137"/>
      </object_component>
      <object_component id="oc-b5">
         <name>.debug_pubtypes</name>
         <load_address>0x292</load_address>
         <run_address>0x292</run_address>
         <size>0x50</size>
         <input_file_ref idref="fl-137"/>
      </object_component>
      <object_component id="oc-f7">
         <name>.debug_pubtypes</name>
         <load_address>0x2e2</load_address>
         <run_address>0x2e2</run_address>
         <size>0x23</size>
         <input_file_ref idref="fl-138"/>
      </object_component>
      <object_component id="oc-9d">
         <name>.debug_frame</name>
         <load_address>0x0</load_address>
         <run_address>0x0</run_address>
         <size>0x76</size>
         <input_file_ref idref="fl-3"/>
      </object_component>
      <object_component id="oc-dd">
         <name>.debug_frame</name>
         <load_address>0x76</load_address>
         <run_address>0x76</run_address>
         <size>0x47</size>
         <input_file_ref idref="fl-4"/>
      </object_component>
      <object_component id="oc-2f">
         <name>.debug_frame</name>
         <load_address>0xbd</load_address>
         <run_address>0xbd</run_address>
         <size>0x83</size>
         <input_file_ref idref="fl-5"/>
      </object_component>
      <object_component id="oc-16">
         <name>.debug_frame</name>
         <load_address>0x140</load_address>
         <run_address>0x140</run_address>
         <size>0x3f</size>
         <input_file_ref idref="fl-12d"/>
      </object_component>
      <object_component id="oc-44">
         <name>.debug_frame</name>
         <load_address>0x17f</load_address>
         <run_address>0x17f</run_address>
         <size>0x4e</size>
         <input_file_ref idref="fl-12e"/>
      </object_component>
      <object_component id="oc-19">
         <name>.debug_frame</name>
         <load_address>0x1cd</load_address>
         <run_address>0x1cd</run_address>
         <size>0x3f</size>
         <input_file_ref idref="fl-12e"/>
      </object_component>
      <object_component id="oc-6e">
         <name>.debug_frame</name>
         <load_address>0x20c</load_address>
         <run_address>0x20c</run_address>
         <size>0x73</size>
         <input_file_ref idref="fl-130"/>
      </object_component>
      <object_component id="oc-5d">
         <name>.debug_frame</name>
         <load_address>0x27f</load_address>
         <run_address>0x27f</run_address>
         <size>0x3f</size>
         <input_file_ref idref="fl-133"/>
      </object_component>
      <object_component id="oc-eb">
         <name>.debug_frame</name>
         <load_address>0x2be</load_address>
         <run_address>0x2be</run_address>
         <size>0x61</size>
         <input_file_ref idref="fl-135"/>
      </object_component>
      <object_component id="oc-69">
         <name>.debug_frame</name>
         <load_address>0x31f</load_address>
         <run_address>0x31f</run_address>
         <size>0x3f</size>
         <input_file_ref idref="fl-136"/>
      </object_component>
      <object_component id="oc-5f">
         <name>.debug_frame</name>
         <load_address>0x35e</load_address>
         <run_address>0x35e</run_address>
         <size>0x4a</size>
         <input_file_ref idref="fl-137"/>
      </object_component>
      <object_component id="oc-95">
         <name>.debug_frame</name>
         <load_address>0x3a8</load_address>
         <run_address>0x3a8</run_address>
         <size>0x4e</size>
         <input_file_ref idref="fl-138"/>
      </object_component>
      <object_component id="oc-145">
         <name>.debug_frame</name>
[...]
      </logical_group>
      <logical_group id="lg-1b3" display="never" color="cyan">
         <name>.debug_aranges</name>
         <load_address>0x0</load_address>
         <run_address>0x0</run_address>
         <size>0x4d8</size>
         <contents>
            <object_component_ref idref="oc-9a"/>
            <object_component_ref idref="oc-da"/>
            <object_component_ref idref="oc-2c"/>
            <object_component_ref idref="oc-26"/>
            <object_component_ref idref="oc-14"/>
            <object_component_ref idref="oc-41"/>
            <object_component_ref idref="oc-1c"/>
            <object_component_ref idref="oc-6c"/>
            <object_component_ref idref="oc-35"/>
            <object_component_ref idref="oc-4e"/>
            <object_component_ref idref="oc-5a"/>
            <object_component_ref idref="oc-e8"/>
            <object_component_ref idref="oc-66"/>
            <object_component_ref idref="oc-62"/>
            <object_component_ref idref="oc-92"/>
            <object_component_ref idref="oc-147"/>
            <object_component_ref idref="oc-bc"/>
            <object_component_ref idref="oc-c9"/>
            <object_component_ref idref="oc-c2"/>
            <object_component_ref idref="oc-ce"/>
            <object_component_ref idref="oc-176"/>
            <object_component_ref idref="oc-170"/>
            <object_component_ref idref="oc-152"/>
            <object_component_ref idref="oc-158"/>
            <object_component_ref idref="oc-14c"/>
            <object_component_ref idref="oc-13a"/>
            <object_component_ref idref="oc-140"/>
            <object_component_ref idref="oc-134"/>
            <object_component_ref idref="oc-12d"/>
            <object_component_ref idref="oc-11b"/>
            <object_component_ref idref="oc-127"/>
            <object_component_ref idref="oc-121"/>
            <object_component_ref idref="oc-d4"/>
            <object_component_ref idref="oc-10f"/>
            <object_component_ref idref="oc-115"/>
            <object_component_ref idref="oc-ff"/>
         </contents>
      </logical_group>
      <logical_group id="lg-1b5" display="never" color="cyan">
         <name>.debug_pubnames</name>
         <load_address>0x0</load_address>
         <run_address>0x0</run_address>
         <size>0x727</size>
         <contents>
            <object_component_ref idref="oc-9b"/>
            <object_component_ref idref="oc-db"/>
            <object_component_ref idref="oc-11"/>
            <object_component_ref idref="oc-2d"/>
            <object_component_ref idref="oc-27"/>
            <object_component_ref idref="oc-15"/>
            <object_component_ref idref="oc-42"/>
            <object_component_ref idref="oc-1d"/>
            <object_component_ref idref="oc-a5"/>
            <object_component_ref idref="oc-6d"/>
            <object_component_ref idref="oc-36"/>
            <object_component_ref idref="oc-4f"/>
            <object_component_ref idref="oc-5b"/>
            <object_component_ref idref="oc-72"/>
            <object_component_ref idref="oc-a2"/>
            <object_component_ref idref="oc-e9"/>
            <object_component_ref idref="oc-67"/>
            <object_component_ref idref="oc-63"/>
            <object_component_ref idref="oc-93"/>
            <object_component_ref idref="oc-148"/>
            <object_component_ref idref="oc-bd"/>
            <object_component_ref idref="oc-10b"/>
            <object_component_ref idref="oc-ca"/>
            <object_component_ref idref="oc-c3"/>
            <object_component_ref idref="oc-cf"/>
            <object_component_ref idref="oc-18e"/>
            <object_component_ref idref="oc-178"/>
            <object_component_ref idref="oc-171"/>
            <object_component_ref idref="oc-153"/>
            <object_component_ref idref="oc-159"/>
            <object_component_ref idref="oc-14d"/>
            <object_component_ref idref="oc-13b"/>
            <object_component_ref idref="oc-141"/>
            <object_component_ref idref="oc-135"/>
            <object_component_ref idref="oc-168"/>
            <object_component_ref idref="oc-12e"/>
            <object_component_ref idref="oc-11c"/>
            <object_component_ref idref="oc-128"/>
            <object_component_ref idref="oc-122"/>
            <object_component_ref idref="oc-d5"/>
            <object_component_ref idref="oc-110"/>
            <object_component_ref idref="oc-116"/>
            <object_component_ref idref="oc-100"/>
         </contents>
      </logical_group>
      <load_segment id="lg-1c2" display="no" color="cyan">
         <name>SEGMENT_0</name>
         <load_address>0x20004000</load_address>
         <run_address>0x20004000</run_address>
         <size>0x10e4</size>
         <flags>0x5</flags>
         <contents>
            <logical_group_ref idref="lg-3"/>
            <logical_group_ref idref="lg-6"/>
            <logical_group_ref idref="lg-7"/>
            <logical_group_ref idref="lg-8"/>
         </contents>
      </load_segment>
      <load_segment id="lg-1c3" display="no" color="cyan">
         <name>SEGMENT_1</name>
         <run_address>0x2001d000</run_address>
         <size>0x14</size>
         <flags>0x6</flags>
         <contents>
            <logical_group_ref idref="lg-a"/>
         </contents>
      </load_segment>
      <load_segment id="lg-1c4" display="no" color="cyan">
         <name>SEGMENT_2</name>
         <run_address>0x2003f800</run_address>
         <size>0x800</size>
         <flags>0x6</flags>
         <contents>
            <logical_group_ref idref="lg-d"/>
         </contents>
      </load_segment>
   </logical_group_list>
   <placement_map>
      <memory_area display="yes" color="green">
         <name>SRAM_CODE</name>
         <page_id>0x0</page_id>
         <origin>0x20004000</origin>
         <length>0x19000</length>
         <used_space>0x10e2</used_space>
         <unused_space>0x17f1e</unused_space>
         <attributes>RWX</attributes>
         <usage_details>
            <allocated_space>
               <start_address>0x20004000</start_address>
               <size>0x400</size>
               <logical_group_ref idref="lg-3"/>
            </allocated_space>
            <allocated_space>
               <start_address>0x20004400</start_address>
               <size>0xa96</size>
               <logical_group_ref idref="lg-6"/>
            </allocated_space>
            <available_space>
               <start_address>0x20004e96</start_address>
               <size>0x2</size>
            </available_space>
            <allocated_space>
               <start_address>0x20004e98</start_address>
               <size>0x228</size>
               <logical_group_ref idref="lg-7"/>
            </allocated_space>
            <allocated_space>
               <start_address>0x200050c0</start_address>
               <size>0x24</size>
               <logical_group_ref idref="lg-8"/>
            </allocated_space>
            <available_space>
               <start_address>0x200050e4</start_address>
               <size>0x17f1c</size>
            </available_space>
         </usage_details>
      </memory_area>
      <memory_area display="yes" color="green">
         <name>SRAM_DATA</name>
         <page_id>0x0</page_id>
         <origin>0x2001d000</origin>
         <length>0x23000</length>
         <used_space>0x814</used_space>
         <unused_space>0x227ec</unused_space>
         <attributes>RWX</attributes>
         <usage_details>
            <allocated_space>
               <start_address>0x2001d000</start_address>
               <size>0x14</size>
               <logical_group_ref idref="lg-198"/>
            </allocated_space>
            <available_space>
               <start_address>0x2001d014</start_address>
               <size>0x227ec</size>
            </available_space>
            <allocated_space>
               <start_address>0x2003f800</start_address>
               <size>0x800</size>
               <logical_group_ref idref="lg-d"/>
            </allocated_space>
         </usage_details>
      </memory_area>
   </placement_map>
   <cptbl_list>
      <cptbl>
         <name>__TI_cinit_table</name>
         <cprec>
            <name>.data</name>
            <load_address>0x200050c0</load_address>
            <load_size>0x11</load_size>
            <run_address>0x2001d000</run_address>
            <run_size>0x14</run_size>
            <compression>rle</compression>
         </cprec>
      </cptbl>
   </cptbl_list>
   <handler_table>
      <handler_table_name>__TI_handler_table</handler_table_name>
      <handler>
         <index>0x0</index>
         <name>__TI_decompress_rle24</name>
      </handler>
      <handler>
         <index>0x1</index>
         <name>__TI_decompress_none</name>
      </handler>
   </handler_table>
   <symbol_table>
      <symbol id="sm-1">
         <name>__TI_CINIT_Base</name>
         <value>0x200050dc</value>
      </symbol>
      <symbol id="sm-2">
         <name>__TI_CINIT_Limit</name>
         <value>0x200050e4</value>
      </symbol>
      <symbol id="sm-3">
         <name>__TI_Handler_Table_Base</name>
         <value>0x200050d4</value>
      </symbol>
      <symbol id="sm-4">
         <name>__TI_Handler_Table_Limit</name>
         <value>0x200050dc</value>
      </symbol>
      <symbol id="sm-5">
         <name>binit</name>
         <value>0xffffffff</value>
      </symbol>
      <symbol id="sm-6">
         <name>__binit__</name>
         <value>0xffffffff</value>
      </symbol>
      <symbol id="sm-7">
         <name>__STACK_SIZE</name>
         <value>0x800</value>
      </symbol>
      <symbol id="sm-8">
         <name>__STACK_END</name>
         <value>0x20040000</value>
      </symbol>
      <symbol id="sm-9">
         <name>__c_args__</name>
         <value>0xffffffff</value>
      </symbol>
      <symbol id="sm-40">
         <name>LEDBlinkyRoutine</name>
         <value>0x20004711</value>
         <object_component_ref idref="oc-98"/>
      </symbol>
      <symbol id="sm-41">
         <name>main</name>
         <value>0x20004799</value>
         <object_component_ref idref="oc-98"/>
      </symbol>
      <symbol id="sm-4f">
         <name>PinMuxConfig</name>
         <value>0x20004401</value>
         <object_component_ref idref="oc-d8"/>
      </symbol>
      <symbol id="sm-6e">
         <name>ResetISR</name>
         <value>0x20004e6f</value>
         <object_component_ref idref="oc-2a"/>
      </symbol>
      <symbol id="sm-6f">
         <name>g_pfnVectors</name>
         <value>0x20004000</value>
         <object_component_ref idref="oc-f"/>
      </symbol>
      <symbol id="sm-7f">
         <name>_c_int00</name>
         <value>0x20004c49</value>
         <object_component_ref idref="oc-24"/>
      </symbol>
      <symbol id="sm-80">
         <name>__stack</name>
         <value>0x2003f800</value>
         <object_component_ref idref="oc-29"/>
      </symbol>
      <symbol id="sm-97">
         <name>__TI_decompress_none</name>
         <value>0x20004e61</value>
         <object_component_ref idref="oc-12"/>
      </symbol>
      <symbol id="sm-bf">
         <name>__TI_decompress_rle24</name>
         <value>0x20004e8d</value>
         <object_component_ref idref="oc-18"/>
      </symbol>
      <symbol id="sm-df">
         <name>C$$EXIT</name>
         <value>0x20004b89</value>
         <object_component_ref idref="oc-6a"/>
      </symbol>
      <symbol id="sm-e0">
         <name>abort</name>
         <value>0x20004b8d</value>
         <object_component_ref idref="oc-6a"/>
      </symbol>
      <symbol id="sm-e1">
         <name>exit</name>
         <value>0x20004b95</value>
         <object_component_ref idref="oc-6a"/>
      </symbol>
      <symbol id="sm-e2">
         <name>__TI_dtors_ptr</name>
         <value>0x2001d00c</value>
         <object_component_ref idref="oc-a3"/>
      </symbol>
      <symbol id="sm-e3">
         <name>__TI_cleanup_ptr</name>
         <value>0x2001d008</value>
         <object_component_ref idref="oc-a3"/>
      </symbol>
      <symbol id="sm-fe">
         <name>memcpy</name>
         <value>0x2000486d</value>
         <object_component_ref idref="oc-33"/>
      </symbol>
      <symbol id="sm-ff">
         <name>__aeabi_memcpy</name>
         <value>0x2000486d</value>
         <object_component_ref idref="oc-33"/>
      </symbol>
      <symbol id="sm-100">
         <name>__aeabi_memcpy8</name>
         <value>0x2000486d</value>
         <object_component_ref idref="oc-33"/>
      </symbol>
      <symbol id="sm-101">
         <name>__aeabi_memcpy4</name>
         <value>0x2000486d</value>
         <object_component_ref idref="oc-33"/>
      </symbol>
      <symbol id="sm-110">
         <name>__aeabi_memset</name>
         <value>0x20004993</value>
         <object_component_ref idref="oc-4c"/>
      </symbol>
      <symbol id="sm-111">
         <name>memset</name>
         <value>0x20004999</value>
         <object_component_ref idref="oc-4c"/>
      </symbol>
      <symbol id="sm-112">
         <name>__aeabi_memset8</name>
         <value>0x20004993</value>
         <object_component_ref idref="oc-4c"/>
      </symbol>
      <symbol id="sm-113">
         <name>__aeabi_memset4</name>
         <value>0x20004993</value>
         <object_component_ref idref="oc-4c"/>
      </symbol>
      <symbol id="sm-114">
         <name>__aeabi_memclr8</name>
         <value>0x20004991</value>
         <object_component_ref idref="oc-4c"/>
      </symbol>
      <symbol id="sm-115">
         <name>__aeabi_memclr4</name>
         <value>0x20004991</value>
         <object_component_ref idref="oc-4c"/>
      </symbol>
      <symbol id="sm-116">
         <name>__aeabi_memclr</name>
         <value>0x20004991</value>
         <object_component_ref idref="oc-4c"/>
      </symbol>
      <symbol id="sm-120">
         <name>_system_pre_init</name>
         <value>0x20004e93</value>
         <object_component_ref idref="oc-58"/>
      </symbol>
      <symbol id="sm-128">
         <name>main_func_sp</name>
         <value>0x2001d010</value>
         <object_component_ref idref="oc-70"/>
      </symbol>
      <symbol id="sm-141">
         <name>_nop</name>
         <value>0x20004e5b</value>
         <object_component_ref idref="oc-e6"/>
      </symbol>
      <symbol id="sm-142">
         <name>_lock</name>
         <value>0x2001d000</value>
         <object_component_ref idref="oc-a0"/>
      </symbol>
      <symbol id="sm-143">
         <name>_unlock</name>
         <value>0x2001d004</value>
         <object_component_ref idref="oc-a0"/>
      </symbol>
      <symbol id="sm-144">
         <name>_register_lock</name>
         <value>0x20004e53</value>
         <object_component_ref idref="oc-e6"/>
      </symbol>
      <symbol id="sm-145">
         <name>_register_unlock</name>
         <value>0x20004e4d</value>
         <object_component_ref idref="oc-e6"/>
      </symbol>
      <symbol id="sm-15a">
         <name>_args_main</name>
         <value>0x20004dcd</value>
         <object_component_ref idref="oc-64"/>
      </symbol>
      <symbol id="sm-180">
         <name>__TI_auto_init</name>
         <value>0x20004a0d</value>
         <object_component_ref idref="oc-5e"/>
      </symbol>
      <symbol id="sm-19a">
         <name>copy_in</name>
         <value>0x20004b3d</value>
         <object_component_ref idref="oc-90"/>
      </symbol>
      <symbol id="sm-1ae">
         <name>GPIODirModeSet</name>
         <value>0x20004c85</value>
         <object_component_ref idref="oc-144"/>
      </symbol>
      <symbol id="sm-1af">
         <name>GPIOPinWrite</name>
         <value>0x20004d41</value>
         <object_component_ref idref="oc-ba"/>
      </symbol>
      <symbol id="sm-1e6">
         <name>IntVTableBaseSet</name>
         <value>0x20004e25</value>
         <object_component_ref idref="oc-c0"/>
      </symbol>
      <symbol id="sm-1e7">
         <name>IntEnable</name>
         <value>0x200047c5</value>
         <object_component_ref idref="oc-cc"/>
      </symbol>
      <symbol id="sm-1e8">
         <name>IntMasterEnable</name>
         <value>0x20004e7d</value>
         <object_component_ref idref="oc-c6"/>
      </symbol>
      <symbol id="sm-23f">
         <name>PinTypeI2C</name>
         <value>0x20004d61</value>
         <object_component_ref idref="oc-156"/>
      </symbol>
      <symbol id="sm-240">
         <name>PinTypeUART</name>
         <value>0x20004db1</value>
         <object_component_ref idref="oc-150"/>
      </symbol>
      <symbol id="sm-241">
         <name>PinTypeADC</name>
         <value>0x20004e39</value>
         <object_component_ref idref="oc-132"/>
      </symbol>
      <symbol id="sm-242">
         <name>PinTypeTimer</name>
         <value>0x20004d97</value>
         <object_component_ref idref="oc-138"/>
      </symbol>
      <symbol id="sm-243">
         <name>PinTypeGPIO</name>
         <value>0x20004cbb</value>
         <object_component_ref idref="oc-13e"/>
      </symbol>
      <symbol id="sm-244">
         <name>PinConfigSet</name>
         <value>0x20004909</value>
         <object_component_ref idref="oc-16e"/>
      </symbol>
      <symbol id="sm-245">
         <name>PinTypeSPI</name>
         <value>0x20004d7d</value>
         <object_component_ref idref="oc-14a"/>
      </symbol>
      <symbol id="sm-246">
         <name>PinModeSet</name>
         <value>0x20004bcd</value>
         <object_component_ref idref="oc-175"/>
      </symbol>
      <symbol id="sm-2b2">
         <name>PRCMPeripheralReset</name>
         <value>0x20004ae5</value>
         <object_component_ref idref="oc-11f"/>
      </symbol>
      <symbol id="sm-2b3">
         <name>PRCMPeripheralClkEnable</name>
         <value>0x20004c0d</value>
         <object_component_ref idref="oc-119"/>
      </symbol>
      <symbol id="sm-2b4">
         <name>PRCMCC3200MCUInit</name>
         <value>0x200045dd</value>
         <object_component_ref idref="oc-d2"/>
      </symbol>
      <symbol id="sm-2b5">
         <name>PRCMHIBRegWrite</name>
         <value>0x20004dfb</value>
         <object_component_ref idref="oc-113"/>
      </symbol>
      <symbol id="sm-2b6">
         <name>PRCMSysResetCauseGet</name>
         <value>0x20004ced</value>
         <object_component_ref idref="oc-12b"/>
      </symbol>
      <symbol id="sm-2b7">
         <name>PRCMPeripheralClkDisable</name>
         <value>0x20004d19</value>
         <object_component_ref idref="oc-125"/>
      </symbol>
      <symbol id="sm-2b8">
         <name>PRCMHIBRegRead</name>
         <value>0x20004de5</value>
         <object_component_ref idref="oc-10d"/>
      </symbol>
      <symbol id="sm-2bc">
         <name>UtilsDelay</name>
         <value>0x20004e87</value>
         <object_component_ref idref="oc-b9"/>
      </symbol>
      <symbol id="sm-2c6">
         <name>CPUcpsie</name>
         <value>0x20004e11</value>
         <object_component_ref idref="oc-fd"/>
      </symbol>
      <symbol id="sm-2db">
         <name>__TI_static_base__</name>
         <value>0x200050c0</value>
      </symbol>
      <symbol id="sm-2de">
         <name>SHT$$INIT_ARRAY$$Limit</name>
         <value>0x0</value>
      </symbol>
      <symbol id="sm-2df">
         <name>SHT$$INIT_ARRAY$$Base</name>
         <value>0x0</value>
      </symbol>
   </symbol_table>
   <title>Link successful</title>
</link_info>
