<?xml version="1.0"?>
<link_info>
   <banner>TI ARM Linker PC v5.2.6</banner>
   <copyright>Copyright (c) 1996-2015 Texas Instruments Incorporated</copyright>
   <link_time>0x569eac1e</link_time>
   <link_errors>0x0</link_errors>
   <output_file>blinky_rev02.out</output_file>
   <entry_point>
      <name>_c_int00</name>
      <address>0x200050b1</address>
   </entry_point>
   <input_file_list>
      <input_file id="fl-2">
         <path>.\</path>
         <kind>object</kind>
         <file>gpio_if.obj</file>
         <name>gpio_if.obj</name>
      </input_file>
      <input_file id="fl-3">
         <path>.\</path>
         <kind>object</kind>
         <file>main.obj</file>
         <name>main.obj</name>
      </input_file>
      <input_file id="fl-4">
         <path>.\</path>
         <kind>object</kind>
         <file>pinmux.obj</file>
         <name>pinmux.obj</name>
      </input_file>
      <input_file id="fl-5">
         <path>.\</path>
         <kind>object</kind>
         <file>startup_ccs.obj</file>
         <name>startup_ccs.obj</name>
      </input_file>
      <input_file id="fl-12c">
         <path>C:\ti\ccsv6\tools\compiler\ti-cgt-arm_5.2.6\lib\</path>
         <kind>archive</kind>
         <file>rtsv7M4_T_le_eabi.lib</file>
         <name>boot.obj</name>
      </input_file>
      <input_file id="fl-12d">
         <path>C:\ti\ccsv6\tools\compiler\ti-cgt-arm_5.2.6\lib\</path>
         <kind>archive</kind>
         <file>rtsv7M4_T_le_eabi.lib</file>
         <name>copy_decompress_none.obj</name>
      </input_file>
      <input_file id="fl-12e">
         <path>C:\ti\ccsv6\tools\compiler\ti-cgt-arm_5.2.6\lib\</path>
         <kind>archive</kind>
         <file>rtsv7M4_T_le_eabi.lib</file>
         <name>copy_decompress_rle.obj</name>
      </input_file>
      <input_file id="fl-12f">
         <path>C:\ti\ccsv6\tools\compiler\ti-cgt-arm_5.2.6\lib\</path>
         <kind>archive</kind>
         <file>rtsv7M4_T_le_eabi.lib</file>
         <name>copy_zero_init.obj</name>
      </input_file>
      <input_file id="fl-130">
         <path>C:\ti\ccsv6\tools\compiler\ti-cgt-arm_5.2.6\lib\</path>
         <kind>archive</kind>
         <file>rtsv7M4_T_le_eabi.lib</file>
         <name>exit.obj</name>
      </input_file>
      <input_file id="fl-131">
         <path>C:\ti\ccsv6\tools\compiler\ti-cgt-arm_5.2.6\lib\</path>
         <kind>archive</kind>
         <file>rtsv7M4_T_le_eabi.lib</file>
         <name>memcpy_t2.obj</name>
      </input_file>
      <input_file id="fl-132">
         <path>C:\ti\ccsv6\tools\compiler\ti-cgt-arm_5.2.6\lib\</path>
         <kind>archive</kind>
         <file>rtsv7M4_T_le_eabi.lib</file>
         <name>memset_t2.obj</name>
      </input_file>
      <input_file id="fl-133">
         <path>C:\ti\ccsv6\tools\compiler\ti-cgt-arm_5.2.6\lib\</path>
         <kind>archive</kind>
         <file>rtsv7M4_T_le_eabi.lib</file>
         <name>pre_init.obj</name>
      </input_file>
      <input_file id="fl-134">
         <path>C:\ti\ccsv6\tools\compiler\ti-cgt-arm_5.2.6\lib\</path>
         <kind>archive</kind>
         <file>rtsv7M4_T_le_eabi.lib</file>
         <name>stkdepth_vars.obj</name>
      </input_file>
      <input_file id="fl-135">
         <path>C:\ti\ccsv6\tools\compiler\ti-cgt-arm_5.2.6\lib\</path>
         <kind>archive</kind>
         <file>rtsv7M4_T_le_eabi.lib</file>
         <name>_lock.obj</name>
      </input_file>
      <input_file id="fl-136">
         <path>C:\ti\ccsv6\tools\compiler\ti-cgt-arm_5.2.6\lib\</path>
         <kind>archive</kind>
         <file>rtsv7M4_T_le_eabi.lib</file>
         <name>args_main.obj</name>
      </input_file>
      <input_file id="fl-137">
         <path>C:\ti\ccsv6\tools\compiler\ti-cgt-arm_5.2.6\lib\</path>
         <kind>archive</kind>
         <file>rtsv7M4_T_le_eabi.lib</file>
         <name>autoinit.obj</name>
      </input_file>
      <input_file id="fl-138">
         <path>C:\ti\ccsv6\tools\compiler\ti-cgt-arm_5.2.6\lib\</path>
         <kind>archive</kind>
         <file>rtsv7M4_T_le_eabi.lib</file>
         <name>cpy_tbl.obj</name>
      </input_file>
      <input_file id="fl-139">
         <path>C:\ti\CC3200SDK_1.1.0\cc3200-sdk\driverlib\ccs\Release\</path>
         <kind>archive</kind>
         <file>driverlib.a</file>
         <name>gpio.obj</name>
      </input_file>
      <input_file id="fl-13a">
         <path>C:\ti\CC3200SDK_1.1.0\cc3200-sdk\driverlib\ccs\Release\</path>
         <kind>archive</kind>
         <file>driverlib.a</file>
         <name>interrupt.obj</name>
      </input_file>
      <input_file id="fl-13b">
         <path>C:\ti\CC3200SDK_1.1.0\cc3200-sdk\driverlib\ccs\Release\</path>
         <kind>archive</kind>
         <file>driverlib.a</file>
         <name>pin.obj</name>
      </input_file>
      <input_file id="fl-13c">
         <path>C:\ti\CC3200SDK_1.1.0\cc3200-sdk\driverlib\ccs\Release\</path>
         <kind>archive</kind>
         <file>driverlib.a</file>
         <name>prcm.obj</name>
      </input_file>
      <input_file id="fl-13d">
         <path>C:\ti\CC3200SDK_1.1.0\cc3200-sdk\driverlib\ccs\Release\</path>
         <kind>archive</kind>
         <file>driverlib.a</file>
         <name>utils.obj</name>
      </input_file>
      <input_file id="fl-13e">
         <path>C:\ti\CC3200SDK_1.1.0\cc3200-sdk\driverlib\ccs\Release\</path>
         <kind>archive</kind>
         <file>driverlib.a</file>
         <name>cpu.obj</name>
      </input_file>
      <input_file id="fl-13f">
         <path>C:\ti\CC3200SDK_1.1.0\cc3200-sdk\driverlib\ccs\Release\</path>
         <kind>archive</kind>
         <file>driverlib.a</file>
         <name>flash.obj</name>
      </input_file>
      <input_file id="fl-140">
         <path>C:\ti\ccsv6\tools\compiler\ti-cgt-arm_5.2.6\lib\</path>
         <kind>archive</kind>
         <file>rtsv7M4_T_le_eabi.lib</file>
         <name>ll_lsr_t2.obj</name>
      </input_file>
      <input_file id="fl-141">
         <path>C:\ti\ccsv6\tools\compiler\ti-cgt-arm_5.2.6\lib\</path>
         <kind>archive</kind>
         <file>rtsv7M4_T_le_eabi.lib</file>
         <name>ull_div_t2.obj</name>
      </input_file>
   </input_file_list>
   <object_component_list>
      <object_component id="oc-f">
         <name>.intvecs</name>
         <load_address>0x20004000</load_address>
         <run_address>0x20004000</run_address>
         <size>0x400</size>
         <input_file_ref idref="fl-5"/>
      </object_component>
      <object_component id="oc-b9">
         <name>.text</name>
         <load_address>0x20004400</load_address>
         <run_address>0x20004400</run_address>
         <size>0x39c</size>
         <input_file_ref idref="fl-2"/>
      </object_component>
      <object_component id="oc-d8">
         <name>.text</name>
         <load_address>0x2000479c</load_address>
         <run_address>0x2000479c</run_address>
         <size>0x1b0</size>
         <input_file_ref idref="fl-4"/>
      </object_component>
      <object_component id="oc-d2">
         <name>.text:PRCMCC3200MCUInit</name>
         <load_address>0x2000494c</load_address>
         <run_address>0x2000494c</run_address>
         <size>0x134</size>
         <input_file_ref idref="fl-13c"/>
      </object_component>
      <object_component id="oc-cc">
         <name>.text:IntEnable</name>
         <load_address>0x20004a80</load_address>
         <run_address>0x20004a80</run_address>
         <size>0xa8</size>
         <input_file_ref idref="fl-13a"/>
      </object_component>
      <object_component id="oc-33">
         <name>.text</name>
         <load_address>0x20004b28</load_address>
         <run_address>0x20004b28</run_address>
         <size>0x9c</size>
         <input_file_ref idref="fl-131"/>
      </object_component>
      <object_component id="oc-98">
         <name>.text</name>
         <load_address>0x20004bc4</load_address>
         <run_address>0x20004bc4</run_address>
         <size>0x90</size>
         <input_file_ref idref="fl-3"/>
      </object_component>
      <object_component id="oc-1af">
         <name>.text:PinConfigSet</name>
         <load_address>0x20004c54</load_address>
         <run_address>0x20004c54</run_address>
         <size>0x88</size>
         <input_file_ref idref="fl-13b"/>
      </object_component>
      <object_component id="oc-fb">
         <name>.text:GPIOIntTypeSet</name>
         <load_address>0x20004cdc</load_address>
         <run_address>0x20004cdc</run_address>
         <size>0x82</size>
         <input_file_ref idref="fl-139"/>
      </object_component>
      <object_component id="oc-4c">
         <name>.text</name>
         <load_address>0x20004d5e</load_address>
         <run_address>0x20004d5e</run_address>
         <size>0x7a</size>
         <input_file_ref idref="fl-132"/>
      </object_component>
      <object_component id="oc-5e">
         <name>.text</name>
         <load_address>0x20004dd8</load_address>
         <run_address>0x20004dd8</run_address>
         <size>0x6c</size>
         <input_file_ref idref="fl-137"/>
      </object_component>
      <object_component id="oc-3f">
         <name>.text</name>
         <load_address>0x20004e44</load_address>
         <run_address>0x20004e44</run_address>
         <size>0x6a</size>
         <input_file_ref idref="fl-12e"/>
      </object_component>
      <object_component id="oc-151">
         <name>.text:PRCMPeripheralReset</name>
         <load_address>0x20004eb0</load_address>
         <run_address>0x20004eb0</run_address>
         <size>0x58</size>
         <input_file_ref idref="fl-13c"/>
      </object_component>
      <object_component id="oc-101">
         <name>.text:IntPrioritySet</name>
         <load_address>0x20004f08</load_address>
         <run_address>0x20004f08</run_address>
         <size>0x54</size>
         <input_file_ref idref="fl-13a"/>
      </object_component>
      <object_component id="oc-90">
         <name>.text</name>
         <load_address>0x20004f5c</load_address>
         <run_address>0x20004f5c</run_address>
         <size>0x4c</size>
         <input_file_ref idref="fl-138"/>
      </object_component>
      <object_component id="oc-18b">
         <name>.text:GPIOGetIntNumber</name>
         <load_address>0x20004fa8</load_address>
         <run_address>0x20004fa8</run_address>
         <size>0x48</size>
         <input_file_ref idref="fl-139"/>
      </object_component>
      <object_component id="oc-6a">
         <name>.text</name>
         <load_address>0x20004ff0</load_address>
         <run_address>0x20004ff0</run_address>
         <size>0x44</size>
         <input_file_ref idref="fl-130"/>
      </object_component>
      <object_component id="oc-1b6">
         <name>.text:PinModeSet</name>
         <load_address>0x20005034</load_address>
         <run_address>0x20005034</run_address>
         <size>0x40</size>
         <input_file_ref idref="fl-13b"/>
      </object_component>
      <object_component id="oc-14b">
         <name>.text:PRCMPeripheralClkEnable</name>
         <load_address>0x20005074</load_address>
         <run_address>0x20005074</run_address>
         <size>0x3c</size>
         <input_file_ref idref="fl-13c"/>
      </object_component>
      <object_component id="oc-24">
         <name>.text</name>
         <load_address>0x200050b0</load_address>
         <run_address>0x200050b0</run_address>
         <size>0x3c</size>
         <input_file_ref idref="fl-12c"/>
      </object_component>
      <object_component id="oc-17c">
         <name>.text:GPIODirModeSet</name>
         <load_address>0x200050ec</load_address>
         <run_address>0x200050ec</run_address>
         <size>0x36</size>
         <input_file_ref idref="fl-139"/>
      </object_component>
      <object_component id="oc-176">
         <name>.text:PinTypeGPIO</name>
         <load_address>0x20005122</load_address>
         <run_address>0x20005122</run_address>
         <size>0x30</size>
         <input_file_ref idref="fl-13b"/>
      </object_component>
      <object_component id="oc-15d">
         <name>.text:PRCMSysResetCauseGet</name>
         <load_address>0x20005154</load_address>
         <run_address>0x20005154</run_address>
         <size>0x2c</size>
         <input_file_ref idref="fl-13c"/>
      </object_component>
      <object_component id="oc-157">
         <name>.text:PRCMPeripheralClkDisable</name>
         <load_address>0x20005180</load_address>
         <run_address>0x20005180</run_address>
         <size>0x28</size>
         <input_file_ref idref="fl-13c"/>
      </object_component>
      <object_component id="oc-119">
         <name>.text:GPIOPinWrite</name>
         <load_address>0x200051a8</load_address>
         <run_address>0x200051a8</run_address>
         <size>0x20</size>
         <input_file_ref idref="fl-139"/>
      </object_component>
      <object_component id="oc-191">
         <name>.text:IntRegister</name>
         <load_address>0x200051c8</load_address>
         <run_address>0x200051c8</run_address>
         <size>0x20</size>
         <input_file_ref idref="fl-13a"/>
      </object_component>
      <object_component id="oc-107">
         <name>.text:GPIOIntRegister</name>
         <load_address>0x200051e8</load_address>
         <run_address>0x200051e8</run_address>
         <size>0x1e</size>
         <input_file_ref idref="fl-139"/>
      </object_component>
      <object_component id="oc-113">
         <name>.text:GPIOIntEnable</name>
         <load_address>0x20005206</load_address>
         <run_address>0x20005206</run_address>
         <size>0x1a</size>
         <input_file_ref idref="fl-139"/>
      </object_component>
      <object_component id="oc-170">
         <name>.text:PinTypeSPI</name>
         <load_address>0x20005220</load_address>
         <run_address>0x20005220</run_address>
         <size>0x1a</size>
         <input_file_ref idref="fl-13b"/>
      </object_component>
      <object_component id="oc-16a">
         <name>.text:PinTypeUART</name>
         <load_address>0x2000523a</load_address>
         <run_address>0x2000523a</run_address>
         <size>0x1a</size>
         <input_file_ref idref="fl-13b"/>
      </object_component>
      <object_component id="oc-125">
         <name>.text:GPIOPinRead</name>
         <load_address>0x20005254</load_address>
         <run_address>0x20005254</run_address>
         <size>0x18</size>
         <input_file_ref idref="fl-139"/>
      </object_component>
      <object_component id="oc-64">
         <name>.text</name>
         <load_address>0x2000526c</load_address>
         <run_address>0x2000526c</run_address>
         <size>0x18</size>
         <input_file_ref idref="fl-136"/>
      </object_component>
      <object_component id="oc-13f">
         <name>.text:PRCMHIBRegRead</name>
         <load_address>0x20005284</load_address>
         <run_address>0x20005284</run_address>
         <size>0x16</size>
         <input_file_ref idref="fl-13c"/>
      </object_component>
      <object_component id="oc-145">
         <name>.text:PRCMHIBRegWrite</name>
         <load_address>0x2000529a</load_address>
         <run_address>0x2000529a</run_address>
         <size>0x16</size>
         <input_file_ref idref="fl-13c"/>
      </object_component>
      <object_component id="oc-12f">
         <name>.text:CPUcpsie</name>
         <load_address>0x200052b0</load_address>
         <run_address>0x200052b0</run_address>
         <size>0x14</size>
         <input_file_ref idref="fl-13e"/>
      </object_component>
      <object_component id="oc-10d">
         <name>.text:GPIOIntClear</name>
         <load_address>0x200052c4</load_address>
         <run_address>0x200052c4</run_address>
         <size>0x14</size>
         <input_file_ref idref="fl-139"/>
      </object_component>
      <object_component id="oc-c0">
         <name>.text:IntVTableBaseSet</name>
         <load_address>0x200052d8</load_address>
         <run_address>0x200052d8</run_address>
         <size>0x14</size>
         <input_file_ref idref="fl-13a"/>
      </object_component>
      <object_component id="oc-164">
         <name>.text:PinTypeADC</name>
         <load_address>0x200052ec</load_address>
         <run_address>0x200052ec</run_address>
         <size>0x14</size>
         <input_file_ref idref="fl-13b"/>
      </object_component>
      <object_component id="oc-e6">
         <name>.text</name>
         <load_address>0x20005300</load_address>
         <run_address>0x20005300</run_address>
         <size>0x14</size>
         <input_file_ref idref="fl-135"/>
      </object_component>
      <object_component id="oc-12">
         <name>.text:decompress:none</name>
         <load_address>0x20005314</load_address>
         <run_address>0x20005314</run_address>
         <size>0xe</size>
         <input_file_ref idref="fl-12d"/>
      </object_component>
      <object_component id="oc-2a">
         <name>.text</name>
         <load_address>0x20005322</load_address>
         <run_address>0x20005322</run_address>
         <size>0xe</size>
         <input_file_ref idref="fl-5"/>
      </object_component>
      <object_component id="oc-1e">
         <name>.text:decompress:ZI</name>
         <load_address>0x20005330</load_address>
         <run_address>0x20005330</run_address>
         <size>0xc</size>
         <input_file_ref idref="fl-12f"/>
      </object_component>
      <object_component id="oc-c6">
         <name>.text:IntMasterEnable</name>
         <load_address>0x2000533c</load_address>
         <run_address>0x2000533c</run_address>
         <size>0xa</size>
         <input_file_ref idref="fl-13a"/>
      </object_component>
      <object_component id="oc-bf">
         <name>.text:UtilsDelay</name>
         <load_address>0x20005346</load_address>
         <run_address>0x20005346</run_address>
         <size>0x6</size>
         <input_file_ref idref="fl-13d"/>
      </object_component>
      <object_component id="oc-18">
         <name>.text:decompress:rle24</name>
         <load_address>0x2000534c</load_address>
         <run_address>0x2000534c</run_address>
         <size>0x6</size>
         <input_file_ref idref="fl-12e"/>
      </object_component>
      <object_component id="oc-58">
         <name>.text</name>
         <load_address>0x20005352</load_address>
         <run_address>0x20005352</run_address>
         <size>0x4</size>
         <input_file_ref idref="fl-133"/>
      </object_component>
      <object_component id="oc-1d1">
         <name>.const:g_ulPinToPadMap</name>
         <load_address>0x20005358</load_address>
         <run_address>0x20005358</run_address>
         <size>0x100</size>
         <input_file_ref idref="fl-13b"/>
      </object_component>
      <object_component id="oc-187">
         <name>.const:g_pulRegs</name>
         <load_address>0x20005458</load_address>
         <run_address>0x20005458</run_address>
         <size>0xd4</size>
         <input_file_ref idref="fl-13a"/>
      </object_component>
      <object_component id="oc-1a7">
         <name>.const:PRCM_PeriphRegsList</name>
         <load_address>0x2000552c</load_address>
         <run_address>0x2000552c</run_address>
         <size>0xa8</size>
         <input_file_ref idref="fl-13c"/>
      </object_component>
      <object_component id="oc-13b">
         <name>.const</name>
         <load_address>0x200055d4</load_address>
         <run_address>0x200055d4</run_address>
         <size>0x80</size>
         <input_file_ref idref="fl-13a"/>
      </object_component>
      <object_component id="oc-1fe">
         <name>.cinit..data.load</name>
         <load_address>0x20005658</load_address>
         <run_address>0x20005658</run_address>
         <size>0x28</size>
      </object_component>
      <object_component id="oc-1fc">
         <name>__TI_handler_table</name>
         <load_address>0x20005680</load_address>
         <run_address>0x20005680</run_address>
         <size>0xc</size>
      </object_component>
      <object_component id="oc-1ff">
         <name>.cinit..bss.load</name>
         <load_address>0x20005690</load_address>
         <run_address>0x20005690</run_address>
         <size>0x8</size>
      </object_component>
      <object_component id="oc-1fd">
         <name>__TI_cinit_table</name>
         <load_address>0x20005698</load_address>
         <run_address>0x20005698</run_address>
         <size>0x10</size>
      </object_component>
      <object_component id="oc-29">
         <name>.stack</name>
         <uninitialized>true</uninitialized>
         <run_address>0x2003f800</run_address>
         <size>0x0</size>
         <input_file_ref idref="fl-12c"/>
      </object_component>
      <object_component id="oc-200">
         <name>.stack</name>
         <uninitialized>true</uninitialized>
         <run_address>0x2003f800</run_address>
         <size>0x0</size>
      </object_component>
      <object_component id="oc-122">
         <name>.common:g_ucLED1Pin</name>
         <uninitialized>true</uninitialized>
         <run_address>0x2001d034</run_address>
         <size>0x1</size>
      </object_component>
      <object_component id="oc-12b">
         <name>.common:g_ucLED2Pin</name>
         <uninitialized>true</uninitialized>
         <run_address>0x2001d035</run_address>
         <size>0x1</size>
      </object_component>
      <object_component id="oc-12c">
         <name>.common:g_ucLED3Pin</name>
         <uninitialized>true</uninitialized>
         <run_address>0x2001d036</run_address>
         <size>0x1</size>
      </object_component>
      <object_component id="oc-11f">
         <name>.data</name>
         <load_address>0x2001d000</load_address>
         <run_address>0x2001d000</run_address>
         <size>0x20</size>
         <input_file_ref idref="fl-2"/>
      </object_component>
      <object_component id="oc-a3">
         <name>.data</name>
         <load_address>0x2001d028</load_address>
         <run_address>0x2001d028</run_address>
         <size>0x8</size>
         <input_file_ref idref="fl-130"/>
      </object_component>
      <object_component id="oc-70">
         <name>.data</name>
         <load_address>0x2001d030</load_address>
         <run_address>0x2001d030</run_address>
         <size>0x4</size>
         <input_file_ref idref="fl-134"/>
      </object_component>
      <object_component id="oc-a0">
         <name>.data</name>
         <load_address>0x2001d020</load_address>
         <run_address>0x2001d020</run_address>
         <size>0x8</size>
         <input_file_ref idref="fl-135"/>
      </object_component>
      <object_component id="oc-123">
         <name>.debug_info</name>
         <load_address>0x0</load_address>
         <run_address>0x0</run_address>
         <size>0x2ff</size>
         <input_file_ref idref="fl-2"/>
      </object_component>
      <object_component id="oc-120">
         <name>.debug_info</name>
         <load_address>0x2ff</load_address>
         <run_address>0x2ff</run_address>
         <size>0x18c</size>
         <input_file_ref idref="fl-2"/>
      </object_component>
      <object_component id="oc-ba">
         <name>.debug_info</name>
         <load_address>0x48b</load_address>
         <run_address>0x48b</run_address>
         <size>0xf16</size>
         <input_file_ref idref="fl-2"/>
      </object_component>
      <object_component id="oc-1cc">
         <name>.debug_info</name>
         <load_address>0x13a1</load_address>
         <run_address>0x13a1</run_address>
         <size>0x62</size>
         <input_file_ref idref="fl-2"/>
      </object_component>
      <object_component id="oc-77">
         <name>.debug_info</name>
         <load_address>0x1403</load_address>
         <run_address>0x1403</run_address>
         <size>0x84</size>
         <input_file_ref idref="fl-2"/>
      </object_component>
      <object_component id="oc-136">
         <name>.debug_info</name>
         <load_address>0x1487</load_address>
         <run_address>0x1487</run_address>
         <size>0x2c</size>
         <input_file_ref idref="fl-2"/>
      </object_component>
      <object_component id="oc-99">
         <name>.debug_info</name>
         <load_address>0x14b3</load_address>
         <run_address>0x14b3</run_address>
         <size>0x354</size>
         <input_file_ref idref="fl-3"/>
      </object_component>
      <object_component id="oc-d9">
         <name>.debug_info</name>
         <load_address>0x1807</load_address>
         <run_address>0x1807</run_address>
         <size>0x4bd</size>
         <input_file_ref idref="fl-4"/>
      </object_component>
      <object_component id="oc-32">
         <name>.debug_info</name>
         <load_address>0x1cc4</load_address>
         <run_address>0x1cc4</run_address>
         <size>0x13f</size>
         <input_file_ref idref="fl-5"/>
      </object_component>
      <object_component id="oc-10">
         <name>.debug_info</name>
         <load_address>0x1e03</load_address>
         <run_address>0x1e03</run_address>
         <size>0x124</size>
         <input_file_ref idref="fl-5"/>
      </object_component>
      <object_component id="oc-2b">
         <name>.debug_info</name>
         <load_address>0x1f27</load_address>
         <run_address>0x1f27</run_address>
         <size>0x445</size>
         <input_file_ref idref="fl-5"/>
      </object_component>
      <object_component id="oc-25">
         <name>.debug_info</name>
         <load_address>0x236c</load_address>
         <run_address>0x236c</run_address>
         <size>0x11c</size>
         <input_file_ref idref="fl-12c"/>
      </object_component>
      <object_component id="oc-3e">
         <name>.debug_info</name>
         <load_address>0x2488</load_address>
         <run_address>0x2488</run_address>
         <size>0x109</size>
         <input_file_ref idref="fl-12d"/>
      </object_component>
      <object_component id="oc-13">
         <name>.debug_info</name>
         <load_address>0x2591</load_address>
         <run_address>0x2591</run_address>
         <size>0x1a8</size>
         <input_file_ref idref="fl-12d"/>
      </object_component>
      <object_component id="oc-39">
         <name>.debug_info</name>
         <load_address>0x2739</load_address>
         <run_address>0x2739</run_address>
         <size>0x46</size>
         <input_file_ref idref="fl-12d"/>
      </object_component>
      <object_component id="oc-7d">
         <name>.debug_info</name>
         <load_address>0x277f</load_address>
         <run_address>0x277f</run_address>
         <size>0x2c</size>
         <input_file_ref idref="fl-12d"/>
      </object_component>
      <object_component id="oc-46">
         <name>.debug_info</name>
         <load_address>0x27ab</load_address>
         <run_address>0x27ab</run_address>
         <size>0xfd</size>
         <input_file_ref idref="fl-12e"/>
      </object_component>
      <object_component id="oc-40">
         <name>.debug_info</name>
         <load_address>0x28a8</load_address>
         <run_address>0x28a8</run_address>
         <size>0x210</size>
         <input_file_ref idref="fl-12e"/>
      </object_component>
      <object_component id="oc-1b">
         <name>.debug_info</name>
         <load_address>0x2ab8</load_address>
         <run_address>0x2ab8</run_address>
         <size>0x17a</size>
         <input_file_ref idref="fl-12e"/>
      </object_component>
      <object_component id="oc-47">
         <name>.debug_info</name>
         <load_address>0x2c32</load_address>
         <run_address>0x2c32</run_address>
         <size>0x39</size>
         <input_file_ref idref="fl-12e"/>
      </object_component>
      <object_component id="oc-87">
         <name>.debug_info</name>
         <load_address>0x2c6b</load_address>
         <run_address>0x2c6b</run_address>
         <size>0x2c</size>
         <input_file_ref idref="fl-12e"/>
      </object_component>
      <object_component id="oc-57">
         <name>.debug_info</name>
         <load_address>0x2c97</load_address>
         <run_address>0x2c97</run_address>
         <size>0xf8</size>
         <input_file_ref idref="fl-12f"/>
      </object_component>
      <object_component id="oc-1f">
         <name>.debug_info</name>
         <load_address>0x2d8f</load_address>
         <run_address>0x2d8f</run_address>
         <size>0x173</size>
         <input_file_ref idref="fl-12f"/>
      </object_component>
      <object_component id="oc-52">
         <name>.debug_info</name>
         <load_address>0x2f02</load_address>
         <run_address>0x2f02</run_address>
         <size>0x46</size>
         <input_file_ref idref="fl-12f"/>
      </object_component>
      <object_component id="oc-a7">
         <name>.debug_info</name>
         <load_address>0x2f48</load_address>
         <run_address>0x2f48</run_address>
         <size>0x15a</size>
         <input_file_ref idref="fl-130"/>
      </object_component>
      <object_component id="oc-a4">
         <name>.debug_info</name>
         <load_address>0x30a2</load_address>
         <run_address>0x30a2</run_address>
         <size>0xff</size>
         <input_file_ref idref="fl-130"/>
      </object_component>
      <object_component id="oc-6b">
         <name>.debug_info</name>
         <load_address>0x31a1</load_address>
         <run_address>0x31a1</run_address>
         <size>0x1d6</size>
         <input_file_ref idref="fl-130"/>
      </object_component>
      <object_component id="oc-34">
         <name>.debug_info</name>
         <load_address>0x3377</load_address>
         <run_address>0x3377</run_address>
         <size>0xde</size>
         <input_file_ref idref="fl-131"/>
      </object_component>
      <object_component id="oc-4d">
         <name>.debug_info</name>
         <load_address>0x3455</load_address>
         <run_address>0x3455</run_address>
         <size>0x10c</size>
         <input_file_ref idref="fl-132"/>
      </object_component>
      <object_component id="oc-59">
         <name>.debug_info</name>
         <load_address>0x3561</load_address>
         <run_address>0x3561</run_address>
         <size>0x111</size>
         <input_file_ref idref="fl-133"/>
      </object_component>
      <object_component id="oc-71">
         <name>.debug_info</name>
         <load_address>0x3672</load_address>
         <run_address>0x3672</run_address>
         <size>0xd2</size>
         <input_file_ref idref="fl-134"/>
      </object_component>
      <object_component id="oc-ee">
         <name>.debug_info</name>
         <load_address>0x3744</load_address>
         <run_address>0x3744</run_address>
         <size>0xed</size>
         <input_file_ref idref="fl-135"/>
      </object_component>
      <object_component id="oc-a1">
         <name>.debug_info</name>
         <load_address>0x3831</load_address>
         <run_address>0x3831</run_address>
         <size>0xdc</size>
         <input_file_ref idref="fl-135"/>
      </object_component>
      <object_component id="oc-e7">
         <name>.debug_info</name>
         <load_address>0x390d</load_address>
         <run_address>0x390d</run_address>
         <size>0x1e8</size>
         <input_file_ref idref="fl-135"/>
      </object_component>
      <object_component id="oc-9f">
         <name>.debug_info</name>
         <load_address>0x3af5</load_address>
         <run_address>0x3af5</run_address>
         <size>0x12f</size>
         <input_file_ref idref="fl-136"/>
      </object_component>
      <object_component id="oc-65">
         <name>.debug_info</name>
         <load_address>0x3c24</load_address>
         <run_address>0x3c24</run_address>
         <size>0x130</size>
         <input_file_ref idref="fl-136"/>
      </object_component>
      <object_component id="oc-e1">
         <name>.debug_info</name>
         <load_address>0x3d54</load_address>
         <run_address>0x3d54</run_address>
         <size>0x5e</size>
         <input_file_ref idref="fl-136"/>
      </object_component>
      <object_component id="oc-97">
         <name>.debug_info</name>
         <load_address>0x3db2</load_address>
         <run_address>0x3db2</run_address>
         <size>0x286</size>
         <input_file_ref idref="fl-137"/>
      </object_component>
      <object_component id="oc-61">
         <name>.debug_info</name>
         <load_address>0x4038</load_address>
         <run_address>0x4038</run_address>
         <size>0x140</size>
         <input_file_ref idref="fl-137"/>
      </object_component>
      <object_component id="oc-af">
         <name>.debug_info</name>
         <load_address>0x4178</load_address>
         <run_address>0x4178</run_address>
         <size>0x39</size>
         <input_file_ref idref="fl-137"/>
      </object_component>
      <object_component id="oc-b4">
         <name>.debug_info</name>
         <load_address>0x41b1</load_address>
         <run_address>0x41b1</run_address>
         <size>0xcd</size>
         <input_file_ref idref="fl-137"/>
      </object_component>
      <object_component id="oc-ac">
         <name>.debug_info</name>
         <load_address>0x427e</load_address>
         <run_address>0x427e</run_address>
         <size>0x1a9</size>
         <input_file_ref idref="fl-138"/>
      </object_component>
      <object_component id="oc-91">
         <name>.debug_info</name>
         <load_address>0x4427</load_address>
         <run_address>0x4427</run_address>
         <size>0x14c</size>
         <input_file_ref idref="fl-138"/>
      </object_component>
      <object_component id="oc-f6">
         <name>.debug_info</name>
         <load_address>0x4573</load_address>
         <run_address>0x4573</run_address>
         <size>0x2c</size>
         <input_file_ref idref="fl-138"/>
      </object_component>
      <object_component id="oc-198">
         <name>.debug_info</name>
         <load_address>0x459f</load_address>
         <run_address>0x459f</run_address>
         <size>0x19a</size>
         <input_file_ref idref="fl-139"/>
      </object_component>
      <object_component id="oc-18c">
         <name>.debug_info</name>
         <load_address>0x4739</load_address>
         <run_address>0x4739</run_address>
         <size>0x1ea</size>
         <input_file_ref idref="fl-139"/>
      </object_component>
      <object_component id="oc-17d">
         <name>.debug_info</name>
         <load_address>0x4923</load_address>
         <run_address>0x4923</run_address>
         <size>0x229</size>
         <input_file_ref idref="fl-139"/>
      </object_component>
      <object_component id="oc-fc">
         <name>.debug_info</name>
         <load_address>0x4b4c</load_address>
         <run_address>0x4b4c</run_address>
         <size>0x234</size>
         <input_file_ref idref="fl-139"/>
      </object_component>
      <object_component id="oc-114">
         <name>.debug_info</name>
         <load_address>0x4d80</load_address>
         <run_address>0x4d80</run_address>
         <size>0x20b</size>
         <input_file_ref idref="fl-139"/>
      </object_component>
      <object_component id="oc-10e">
         <name>.debug_info</name>
         <load_address>0x4f8b</load_address>
         <run_address>0x4f8b</run_address>
         <size>0x209</size>
         <input_file_ref idref="fl-139"/>
      </object_component>
      <object_component id="oc-108">
         <name>.debug_info</name>
         <load_address>0x5194</load_address>
         <run_address>0x5194</run_address>
         <size>0x254</size>
         <input_file_ref idref="fl-139"/>
      </object_component>
      <object_component id="oc-126">
         <name>.debug_info</name>
         <load_address>0x53e8</load_address>
         <run_address>0x53e8</run_address>
         <size>0x1fb</size>
         <input_file_ref idref="fl-139"/>
      </object_component>
      <object_component id="oc-11a">
         <name>.debug_info</name>
         <load_address>0x55e3</load_address>
         <run_address>0x55e3</run_address>
         <size>0x220</size>
         <input_file_ref idref="fl-139"/>
      </object_component>
      <object_component id="oc-1a4">
         <name>.debug_info</name>
         <load_address>0x5803</load_address>
         <run_address>0x5803</run_address>
         <size>0x1bb</size>
         <input_file_ref idref="fl-13a"/>
      </object_component>
      <object_component id="oc-13c">
         <name>.debug_info</name>
         <load_address>0x59be</load_address>
         <run_address>0x59be</run_address>
         <size>0x1be</size>
         <input_file_ref idref="fl-13a"/>
      </object_component>
      <object_component id="oc-188">
         <name>.debug_info</name>
         <load_address>0x5b7c</load_address>
         <run_address>0x5b7c</run_address>
         <size>0x110</size>
         <input_file_ref idref="fl-13a"/>
      </object_component>
      <object_component id="oc-c8">
         <name>.debug_info</name>
         <load_address>0x5c8c</load_address>
         <run_address>0x5c8c</run_address>
         <size>0x1c8</size>
         <input_file_ref idref="fl-13a"/>
      </object_component>
      <object_component id="oc-c2">
         <name>.debug_info</name>
         <load_address>0x5e54</load_address>
         <run_address>0x5e54</run_address>
         <size>0x1fa</size>
         <input_file_ref idref="fl-13a"/>
      </object_component>
      <object_component id="oc-193">
         <name>.debug_info</name>
         <load_address>0x604e</load_address>
         <run_address>0x604e</run_address>
         <size>0x244</size>
         <input_file_ref idref="fl-13a"/>
      </object_component>
      <object_component id="oc-102">
         <name>.debug_info</name>
         <load_address>0x6292</load_address>
         <run_address>0x6292</run_address>
         <size>0x246</size>
         <input_file_ref idref="fl-13a"/>
      </object_component>
      <object_component id="oc-ce">
         <name>.debug_info</name>
         <load_address>0x64d8</load_address>
         <run_address>0x64d8</run_address>
         <size>0x1eb</size>
         <input_file_ref idref="fl-13a"/>
      </object_component>
      <object_component id="oc-1d8">
         <name>.debug_info</name>
         <load_address>0x66c3</load_address>
         <run_address>0x66c3</run_address>
         <size>0x108</size>
         <input_file_ref idref="fl-13b"/>
      </object_component>
      <object_component id="oc-1d2">
         <name>.debug_info</name>
         <load_address>0x67cb</load_address>
         <run_address>0x67cb</run_address>
         <size>0x116</size>
         <input_file_ref idref="fl-13b"/>
      </object_component>
      <object_component id="oc-1b7">
         <name>.debug_info</name>
         <load_address>0x68e1</load_address>
         <run_address>0x68e1</run_address>
         <size>0x20b</size>
         <input_file_ref idref="fl-13b"/>
      </object_component>
      <object_component id="oc-1b0">
         <name>.debug_info</name>
         <load_address>0x6aec</load_address>
         <run_address>0x6aec</run_address>
         <size>0x259</size>
         <input_file_ref idref="fl-13b"/>
      </object_component>
      <object_component id="oc-16b">
         <name>.debug_info</name>
         <load_address>0x6d45</load_address>
         <run_address>0x6d45</run_address>
         <size>0x220</size>
         <input_file_ref idref="fl-13b"/>
      </object_component>
      <object_component id="oc-171">
         <name>.debug_info</name>
         <load_address>0x6f65</load_address>
         <run_address>0x6f65</run_address>
         <size>0x21e</size>
         <input_file_ref idref="fl-13b"/>
      </object_component>
      <object_component id="oc-177">
         <name>.debug_info</name>
         <load_address>0x7183</load_address>
         <run_address>0x7183</run_address>
         <size>0x26e</size>
         <input_file_ref idref="fl-13b"/>
      </object_component>
      <object_component id="oc-165">
         <name>.debug_info</name>
         <load_address>0x73f1</load_address>
         <run_address>0x73f1</run_address>
         <size>0x20d</size>
         <input_file_ref idref="fl-13b"/>
      </object_component>
      <object_component id="oc-1ac">
         <name>.debug_info</name>
         <load_address>0x75fe</load_address>
         <run_address>0x75fe</run_address>
         <size>0x218</size>
         <input_file_ref idref="fl-13c"/>
      </object_component>
      <object_component id="oc-1a8">
         <name>.debug_info</name>
         <load_address>0x7816</load_address>
         <run_address>0x7816</run_address>
         <size>0x11f</size>
         <input_file_ref idref="fl-13c"/>
      </object_component>
      <object_component id="oc-15e">
         <name>.debug_info</name>
         <load_address>0x7935</load_address>
         <run_address>0x7935</run_address>
         <size>0x1f2</size>
         <input_file_ref idref="fl-13c"/>
      </object_component>
      <object_component id="oc-14c">
         <name>.debug_info</name>
         <load_address>0x7b27</load_address>
         <run_address>0x7b27</run_address>
         <size>0x237</size>
         <input_file_ref idref="fl-13c"/>
      </object_component>
      <object_component id="oc-158">
         <name>.debug_info</name>
         <load_address>0x7d5e</load_address>
         <run_address>0x7d5e</run_address>
         <size>0x239</size>
         <input_file_ref idref="fl-13c"/>
      </object_component>
      <object_component id="oc-152">
         <name>.debug_info</name>
         <load_address>0x7f97</load_address>
         <run_address>0x7f97</run_address>
         <size>0x20c</size>
         <input_file_ref idref="fl-13c"/>
      </object_component>
      <object_component id="oc-d3">
         <name>.debug_info</name>
         <load_address>0x81a3</load_address>
         <run_address>0x81a3</run_address>
         <size>0x27e</size>
         <input_file_ref idref="fl-13c"/>
      </object_component>
      <object_component id="oc-140">
         <name>.debug_info</name>
         <load_address>0x8421</load_address>
         <run_address>0x8421</run_address>
         <size>0x20b</size>
         <input_file_ref idref="fl-13c"/>
      </object_component>
      <object_component id="oc-146">
         <name>.debug_info</name>
         <load_address>0x862c</load_address>
         <run_address>0x862c</run_address>
         <size>0x220</size>
         <input_file_ref idref="fl-13c"/>
      </object_component>
      <object_component id="oc-130">
         <name>.debug_info</name>
         <load_address>0x884c</load_address>
         <run_address>0x884c</run_address>
         <size>0x19a</size>
         <input_file_ref idref="fl-13e"/>
      </object_component>
      <object_component id="oc-201">
         <name>.debug_info</name>
         <load_address>0x89e6</load_address>
         <run_address>0x89e6</run_address>
         <size>0xbe</size>
      </object_component>
      <object_component id="oc-19f">
         <name>.debug_line</name>
         <load_address>0x0</load_address>
         <run_address>0x0</run_address>
         <size>0xcc</size>
         <input_file_ref idref="fl-2"/>
      </object_component>
      <object_component id="oc-19d">
         <name>.debug_line</name>
         <load_address>0xcc</load_address>
         <run_address>0xcc</run_address>
         <size>0x5d</size>
         <input_file_ref idref="fl-2"/>
      </object_component>
      <object_component id="oc-bd">
         <name>.debug_line</name>
         <load_address>0x129</load_address>
         <run_address>0x129</run_address>
         <size>0x1fa</size>
         <input_file_ref idref="fl-2"/>
      </object_component>
      <object_component id="oc-1cf">
         <name>.debug_line</name>
         <load_address>0x323</load_address>
         <run_address>0x323</run_address>
         <size>0x55</size>
         <input_file_ref idref="fl-2"/>
      </object_component>
      <object_component id="oc-7a">
         <name>.debug_line</name>
         <load_address>0x378</load_address>
         <run_address>0x378</run_address>
         <size>0x20</size>
         <input_file_ref idref="fl-2"/>
      </object_component>
      <object_component id="oc-139">
         <name>.debug_line</name>
         <load_address>0x398</load_address>
         <run_address>0x398</run_address>
         <size>0x53</size>
         <input_file_ref idref="fl-2"/>
      </object_component>
      <object_component id="oc-9c">
         <name>.debug_line</name>
         <load_address>0x3eb</load_address>
         <run_address>0x3eb</run_address>
         <size>0x94</size>
         <input_file_ref idref="fl-3"/>
      </object_component>
      <object_component id="oc-dc">
         <name>.debug_line</name>
         <load_address>0x47f</load_address>
         <run_address>0x47f</run_address>
         <size>0xac</size>
         <input_file_ref idref="fl-4"/>
      </object_component>
      <object_component id="oc-76">
         <name>.debug_line</name>
         <load_address>0x52b</load_address>
         <run_address>0x52b</run_address>
         <size>0x61</size>
         <input_file_ref idref="fl-5"/>
      </object_component>
      <object_component id="oc-31">
         <name>.debug_line</name>
         <load_address>0x58c</load_address>
         <run_address>0x58c</run_address>
         <size>0x61</size>
         <input_file_ref idref="fl-5"/>
      </object_component>
      <object_component id="oc-2e">
         <name>.debug_line</name>
         <load_address>0x5ed</load_address>
         <run_address>0x5ed</run_address>
         <size>0xd9</size>
         <input_file_ref idref="fl-5"/>
      </object_component>
      <object_component id="oc-28">
         <name>.debug_line</name>
         <load_address>0x6c6</load_address>
         <run_address>0x6c6</run_address>
         <size>0x4c</size>
         <input_file_ref idref="fl-12c"/>
      </object_component>
      <object_component id="oc-83">
         <name>.debug_line</name>
         <load_address>0x712</load_address>
         <run_address>0x712</run_address>
         <size>0x5a</size>
         <input_file_ref idref="fl-12d"/>
      </object_component>
      <object_component id="oc-17">
         <name>.debug_line</name>
         <load_address>0x76c</load_address>
         <run_address>0x76c</run_address>
         <size>0x55</size>
         <input_file_ref idref="fl-12d"/>
      </object_component>
      <object_component id="oc-3c">
         <name>.debug_line</name>
         <load_address>0x7c1</load_address>
         <run_address>0x7c1</run_address>
         <size>0x3a</size>
         <input_file_ref idref="fl-12d"/>
      </object_component>
      <object_component id="oc-80">
         <name>.debug_line</name>
         <load_address>0x7fb</load_address>
         <run_address>0x7fb</run_address>
         <size>0x5a</size>
         <input_file_ref idref="fl-12d"/>
      </object_component>
      <object_component id="oc-86">
         <name>.debug_line</name>
         <load_address>0x855</load_address>
         <run_address>0x855</run_address>
         <size>0x5a</size>
         <input_file_ref idref="fl-12e"/>
      </object_component>
      <object_component id="oc-43">
         <name>.debug_line</name>
         <load_address>0x8af</load_address>
         <run_address>0x8af</run_address>
         <size>0x98</size>
         <input_file_ref idref="fl-12e"/>
      </object_component>
      <object_component id="oc-1a">
         <name>.debug_line</name>
         <load_address>0x947</load_address>
         <run_address>0x947</run_address>
         <size>0x4b</size>
         <input_file_ref idref="fl-12e"/>
      </object_component>
      <object_component id="oc-4a">
         <name>.debug_line</name>
         <load_address>0x992</load_address>
         <run_address>0x992</run_address>
         <size>0x39</size>
         <input_file_ref idref="fl-12e"/>
      </object_component>
      <object_component id="oc-8a">
         <name>.debug_line</name>
         <load_address>0x9cb</load_address>
         <run_address>0x9cb</run_address>
         <size>0x5a</size>
         <input_file_ref idref="fl-12e"/>
      </object_component>
      <object_component id="oc-8e">
         <name>.debug_line</name>
         <load_address>0xa25</load_address>
         <run_address>0xa25</run_address>
         <size>0x5a</size>
         <input_file_ref idref="fl-12f"/>
      </object_component>
      <object_component id="oc-22">
         <name>.debug_line</name>
         <load_address>0xa7f</load_address>
         <run_address>0xa7f</run_address>
         <size>0x4f</size>
         <input_file_ref idref="fl-12f"/>
      </object_component>
      <object_component id="oc-55">
         <name>.debug_line</name>
         <load_address>0xace</load_address>
         <run_address>0xace</run_address>
         <size>0x34</size>
         <input_file_ref idref="fl-12f"/>
      </object_component>
      <object_component id="oc-f3">
         <name>.debug_line</name>
         <load_address>0xb02</load_address>
         <run_address>0xb02</run_address>
         <size>0x59</size>
         <input_file_ref idref="fl-130"/>
      </object_component>
      <object_component id="oc-f1">
         <name>.debug_line</name>
         <load_address>0xb5b</load_address>
         <run_address>0xb5b</run_address>
         <size>0x2a</size>
         <input_file_ref idref="fl-130"/>
      </object_component>
      <object_component id="oc-6f">
         <name>.debug_line</name>
         <load_address>0xb85</load_address>
         <run_address>0xb85</run_address>
         <size>0x7a</size>
         <input_file_ref idref="fl-130"/>
      </object_component>
      <object_component id="oc-37">
         <name>.debug_line</name>
         <load_address>0xbff</load_address>
         <run_address>0xbff</run_address>
         <size>0x88</size>
         <input_file_ref idref="fl-131"/>
      </object_component>
      <object_component id="oc-50">
         <name>.debug_line</name>
         <load_address>0xc87</load_address>
         <run_address>0xc87</run_address>
         <size>0x79</size>
         <input_file_ref idref="fl-132"/>
      </object_component>
      <object_component id="oc-5c">
         <name>.debug_line</name>
         <load_address>0xd00</load_address>
         <run_address>0xd00</run_address>
         <size>0x40</size>
         <input_file_ref idref="fl-133"/>
      </object_component>
      <object_component id="oc-aa">
         <name>.debug_line</name>
         <load_address>0xd40</load_address>
         <run_address>0xd40</run_address>
         <size>0x33</size>
         <input_file_ref idref="fl-134"/>
      </object_component>
      <object_component id="oc-185">
         <name>.debug_line</name>
         <load_address>0xd73</load_address>
         <run_address>0xd73</run_address>
         <size>0x20</size>
         <input_file_ref idref="fl-135"/>
      </object_component>
      <object_component id="oc-ed">
         <name>.debug_line</name>
         <load_address>0xd93</load_address>
         <run_address>0xd93</run_address>
         <size>0x2b</size>
         <input_file_ref idref="fl-135"/>
      </object_component>
      <object_component id="oc-ea">
         <name>.debug_line</name>
         <load_address>0xdbe</load_address>
         <run_address>0xdbe</run_address>
         <size>0x68</size>
         <input_file_ref idref="fl-135"/>
      </object_component>
      <object_component id="oc-e0">
         <name>.debug_line</name>
         <load_address>0xe26</load_address>
         <run_address>0xe26</run_address>
         <size>0x2b</size>
         <input_file_ref idref="fl-136"/>
      </object_component>
      <object_component id="oc-68">
         <name>.debug_line</name>
         <load_address>0xe51</load_address>
         <run_address>0xe51</run_address>
         <size>0x50</size>
         <input_file_ref idref="fl-136"/>
      </object_component>
      <object_component id="oc-e4">
         <name>.debug_line</name>
         <load_address>0xea1</load_address>
         <run_address>0xea1</run_address>
         <size>0x2b</size>
         <input_file_ref idref="fl-136"/>
      </object_component>
      <object_component id="oc-ae">
         <name>.debug_line</name>
         <load_address>0xecc</load_address>
         <run_address>0xecc</run_address>
         <size>0x69</size>
         <input_file_ref idref="fl-137"/>
      </object_component>
      <object_component id="oc-60">
         <name>.debug_line</name>
         <load_address>0xf35</load_address>
         <run_address>0xf35</run_address>
         <size>0x79</size>
         <input_file_ref idref="fl-137"/>
      </object_component>
      <object_component id="oc-b2">
         <name>.debug_line</name>
         <load_address>0xfae</load_address>
         <run_address>0xfae</run_address>
         <size>0x2e</size>
         <input_file_ref idref="fl-137"/>
      </object_component>
      <object_component id="oc-b7">
         <name>.debug_line</name>
         <load_address>0xfdc</load_address>
         <run_address>0xfdc</run_address>
         <size>0x5b</size>
         <input_file_ref idref="fl-137"/>
      </object_component>
      <object_component id="oc-f5">
         <name>.debug_line</name>
         <load_address>0x1037</load_address>
         <run_address>0x1037</run_address>
         <size>0x68</size>
         <input_file_ref idref="fl-138"/>
      </object_component>
      <object_component id="oc-94">
         <name>.debug_line</name>
         <load_address>0x109f</load_address>
         <run_address>0x109f</run_address>
         <size>0x68</size>
         <input_file_ref idref="fl-138"/>
      </object_component>
      <object_component id="oc-f9">
         <name>.debug_line</name>
         <load_address>0x1107</load_address>
         <run_address>0x1107</run_address>
         <size>0x2e</size>
         <input_file_ref idref="fl-138"/>
      </object_component>
      <object_component id="oc-1c5">
         <name>.debug_line</name>
         <load_address>0x1135</load_address>
         <run_address>0x1135</run_address>
         <size>0x64</size>
         <input_file_ref idref="fl-139"/>
      </object_component>
      <object_component id="oc-18f">
         <name>.debug_line</name>
         <load_address>0x1199</load_address>
         <run_address>0x1199</run_address>
         <size>0x8a</size>
         <input_file_ref idref="fl-139"/>
      </object_component>
      <object_component id="oc-180">
         <name>.debug_line</name>
         <load_address>0x1223</load_address>
         <run_address>0x1223</run_address>
         <size>0x77</size>
         <input_file_ref idref="fl-139"/>
      </object_component>
      <object_component id="oc-ff">
         <name>.debug_line</name>
         <load_address>0x129a</load_address>
         <run_address>0x129a</run_address>
         <size>0x7f</size>
         <input_file_ref idref="fl-139"/>
      </object_component>
      <object_component id="oc-117">
         <name>.debug_line</name>
         <load_address>0x1319</load_address>
         <run_address>0x1319</run_address>
         <size>0x77</size>
         <input_file_ref idref="fl-139"/>
      </object_component>
      <object_component id="oc-111">
         <name>.debug_line</name>
         <load_address>0x1390</load_address>
         <run_address>0x1390</run_address>
         <size>0x77</size>
         <input_file_ref idref="fl-139"/>
      </object_component>
      <object_component id="oc-10b">
         <name>.debug_line</name>
         <load_address>0x1407</load_address>
         <run_address>0x1407</run_address>
         <size>0x79</size>
         <input_file_ref idref="fl-139"/>
      </object_component>
      <object_component id="oc-129">
         <name>.debug_line</name>
         <load_address>0x1480</load_address>
         <run_address>0x1480</run_address>
         <size>0x77</size>
         <input_file_ref idref="fl-139"/>
      </object_component>
      <object_component id="oc-11d">
         <name>.debug_line</name>
         <load_address>0x14f7</load_address>
         <run_address>0x14f7</run_address>
         <size>0x77</size>
         <input_file_ref idref="fl-139"/>
      </object_component>
      <object_component id="oc-1c7">
         <name>.debug_line</name>
         <load_address>0x156e</load_address>
         <run_address>0x156e</run_address>
         <size>0x5e</size>
         <input_file_ref idref="fl-13a"/>
      </object_component>
      <object_component id="oc-1a3">
         <name>.debug_line</name>
         <load_address>0x15cc</load_address>
         <run_address>0x15cc</run_address>
         <size>0x64</size>
         <input_file_ref idref="fl-13a"/>
      </object_component>
      <object_component id="oc-1c1">
         <name>.debug_line</name>
         <load_address>0x1630</load_address>
         <run_address>0x1630</run_address>
         <size>0x64</size>
         <input_file_ref idref="fl-13a"/>
      </object_component>
      <object_component id="oc-cb">
         <name>.debug_line</name>
         <load_address>0x1694</load_address>
         <run_address>0x1694</run_address>
         <size>0x7c</size>
         <input_file_ref idref="fl-13a"/>
      </object_component>
      <object_component id="oc-c5">
         <name>.debug_line</name>
         <load_address>0x1710</load_address>
         <run_address>0x1710</run_address>
         <size>0x7c</size>
         <input_file_ref idref="fl-13a"/>
      </object_component>
      <object_component id="oc-196">
         <name>.debug_line</name>
         <load_address>0x178c</load_address>
         <run_address>0x178c</run_address>
         <size>0x7d</size>
         <input_file_ref idref="fl-13a"/>
      </object_component>
      <object_component id="oc-105">
         <name>.debug_line</name>
         <load_address>0x1809</load_address>
         <run_address>0x1809</run_address>
         <size>0x7f</size>
         <input_file_ref idref="fl-13a"/>
      </object_component>
      <object_component id="oc-cd">
         <name>.debug_line</name>
         <load_address>0x1888</load_address>
         <run_address>0x1888</run_address>
         <size>0xad</size>
         <input_file_ref idref="fl-13a"/>
      </object_component>
      <object_component id="oc-1da">
         <name>.debug_line</name>
         <load_address>0x1935</load_address>
         <run_address>0x1935</run_address>
         <size>0x20</size>
         <input_file_ref idref="fl-13b"/>
      </object_component>
      <object_component id="oc-1d7">
         <name>.debug_line</name>
         <load_address>0x1955</load_address>
         <run_address>0x1955</run_address>
         <size>0x5e</size>
         <input_file_ref idref="fl-13b"/>
      </object_component>
      <object_component id="oc-1ba">
         <name>.debug_line</name>
         <load_address>0x19b3</load_address>
         <run_address>0x19b3</run_address>
         <size>0x78</size>
         <input_file_ref idref="fl-13b"/>
      </object_component>
      <object_component id="oc-1b3">
         <name>.debug_line</name>
         <load_address>0x1a2b</load_address>
         <run_address>0x1a2b</run_address>
         <size>0x84</size>
         <input_file_ref idref="fl-13b"/>
      </object_component>
      <object_component id="oc-16e">
         <name>.debug_line</name>
         <load_address>0x1aaf</load_address>
         <run_address>0x1aaf</run_address>
         <size>0x77</size>
         <input_file_ref idref="fl-13b"/>
      </object_component>
      <object_component id="oc-174">
         <name>.debug_line</name>
         <load_address>0x1b26</load_address>
         <run_address>0x1b26</run_address>
         <size>0x77</size>
         <input_file_ref idref="fl-13b"/>
      </object_component>
      <object_component id="oc-17a">
         <name>.debug_line</name>
         <load_address>0x1b9d</load_address>
         <run_address>0x1b9d</run_address>
         <size>0x82</size>
         <input_file_ref idref="fl-13b"/>
      </object_component>
      <object_component id="oc-168">
         <name>.debug_line</name>
         <load_address>0x1c1f</load_address>
         <run_address>0x1c1f</run_address>
         <size>0x76</size>
         <input_file_ref idref="fl-13b"/>
      </object_component>
      <object_component id="oc-1cb">
         <name>.debug_line</name>
         <load_address>0x1c95</load_address>
         <run_address>0x1c95</run_address>
         <size>0x122</size>
         <input_file_ref idref="fl-13c"/>
      </object_component>
      <object_component id="oc-1c9">
         <name>.debug_line</name>
         <load_address>0x1db7</load_address>
         <run_address>0x1db7</run_address>
         <size>0x5f</size>
         <input_file_ref idref="fl-13c"/>
      </object_component>
      <object_component id="oc-161">
         <name>.debug_line</name>
         <load_address>0x1e16</load_address>
         <run_address>0x1e16</run_address>
         <size>0x81</size>
         <input_file_ref idref="fl-13c"/>
      </object_component>
      <object_component id="oc-14f">
         <name>.debug_line</name>
         <load_address>0x1e97</load_address>
         <run_address>0x1e97</run_address>
         <size>0x80</size>
         <input_file_ref idref="fl-13c"/>
      </object_component>
      <object_component id="oc-15b">
         <name>.debug_line</name>
         <load_address>0x1f17</load_address>
         <run_address>0x1f17</run_address>
         <size>0x77</size>
         <input_file_ref idref="fl-13c"/>
      </object_component>
      <object_component id="oc-155">
         <name>.debug_line</name>
         <load_address>0x1f8e</load_address>
         <run_address>0x1f8e</run_address>
         <size>0x89</size>
         <input_file_ref idref="fl-13c"/>
      </object_component>
      <object_component id="oc-d6">
         <name>.debug_line</name>
         <load_address>0x2017</load_address>
         <run_address>0x2017</run_address>
         <size>0xc8</size>
         <input_file_ref idref="fl-13c"/>
      </object_component>
      <object_component id="oc-143">
         <name>.debug_line</name>
         <load_address>0x20df</load_address>
         <run_address>0x20df</run_address>
         <size>0x79</size>
         <input_file_ref idref="fl-13c"/>
      </object_component>
      <object_component id="oc-149">
         <name>.debug_line</name>
         <load_address>0x2158</load_address>
         <run_address>0x2158</run_address>
         <size>0x78</size>
         <input_file_ref idref="fl-13c"/>
      </object_component>
      <object_component id="oc-133">
         <name>.debug_line</name>
         <load_address>0x21d0</load_address>
         <run_address>0x21d0</run_address>
         <size>0x77</size>
         <input_file_ref idref="fl-13e"/>
      </object_component>
      <object_component id="oc-be">
         <name>.debug_frame</name>
         <load_address>0x0</load_address>
         <run_address>0x0</run_address>
         <size>0x12a</size>
         <input_file_ref idref="fl-2"/>
      </object_component>
      <object_component id="oc-9d">
         <name>.debug_frame</name>
         <load_address>0x12a</load_address>
         <run_address>0x12a</run_address>
         <size>0x76</size>
         <input_file_ref idref="fl-3"/>
      </object_component>
      <object_component id="oc-dd">
         <name>.debug_frame</name>
         <load_address>0x1a0</load_address>
         <run_address>0x1a0</run_address>
         <size>0x47</size>
         <input_file_ref idref="fl-4"/>
      </object_component>
      <object_component id="oc-2f">
         <name>.debug_frame</name>
         <load_address>0x1e7</load_address>
         <run_address>0x1e7</run_address>
         <size>0x83</size>
         <input_file_ref idref="fl-5"/>
      </object_component>
      <object_component id="oc-16">
         <name>.debug_frame</name>
         <load_address>0x26a</load_address>
         <run_address>0x26a</run_address>
         <size>0x3f</size>
         <input_file_ref idref="fl-12d"/>
      </object_component>
      <object_component id="oc-44">
         <name>.debug_frame</name>
         <load_address>0x2a9</load_address>
         <run_address>0x2a9</run_address>
         <size>0x4e</size>
         <input_file_ref idref="fl-12e"/>
      </object_component>
      <object_component id="oc-19">
         <name>.debug_frame</name>
         <load_address>0x2f7</load_address>
         <run_address>0x2f7</run_address>
         <size>0x3f</size>
         <input_file_ref idref="fl-12e"/>
      </object_component>
      <object_component id="oc-23">
         <name>.debug_frame</name>
         <load_address>0x336</load_address>
         <run_address>0x336</run_address>
         <size>0x3f</size>
         <input_file_ref idref="fl-12f"/>
      </object_component>
      <object_component id="oc-6e">
         <name>.debug_frame</name>
         <load_address>0x375</load_address>
         <run_address>0x375</run_address>
         <size>0x73</size>
         <input_file_ref idref="fl-130"/>
      </object_component>
      <object_component id="oc-5d">
         <name>.debug_frame</name>
         <load_address>0x3e8</load_address>
         <run_address>0x3e8</run_address>
         <size>0x3f</size>
         <input_file_ref idref="fl-133"/>
      </object_component>
      <object_component id="oc-eb">
         <name>.debug_frame</name>
         <load_address>0x427</load_address>
         <run_address>0x427</run_address>
         <size>0x61</size>
         <input_file_ref idref="fl-135"/>
      </object_component>
      <object_component id="oc-69">
         <name>.debug_frame</name>
         <load_address>0x488</load_address>
         <run_address>0x488</run_address>
         <size>0x3f</size>
         <input_file_ref idref="fl-136"/>
      </object_component>
      <object_component id="oc-5f">
         <name>.debug_frame</name>
         <load_address>0x4c7</load_address>
         <run_address>0x4c7</run_address>
         <size>0x4a</size>
         <input_file_ref idref="fl-137"/>
      </object_component>
      <object_component id="oc-95">
         <name>.debug_frame</name>
         <load_address>0x511</load_address>
         <run_address>0x511</run_address>
         <size>0x4e</size>
         <input_file_ref idref="fl-138"/>
      </object_component>
      <object_component id="oc-190">
         <name>.debug_frame</name>
         <load_address>0x55f</load_address>
         <run_address>0x55f</run_address>
         <size>0x45</size>
         <input_file_ref idref="fl-139"/>
      </object_component>
      <object_component id="oc-181">
         <name>.debug_frame</name>
         <load_address>0x5a4</load_address>
         <run_address>0x5a4</run_address>
         <size>0x45</size>
         <input_file_ref idref="fl-139"/>
      </object_component>
      <object_component id="oc-100">
         <name>.debug_frame</name>
         <load_address>0x5e9</load_address>
         <run_address>0x5e9</run_address>
         <size>0x45</size>
         <input_file_ref idref="fl-139"/>
      </object_component>
      <object_component id="oc-118">
         <name>.debug_frame</name>
         <load_address>0x62e</load_address>
         <run_address>0x62e</run_address>
         <size>0x45</size>
         <input_file_ref idref="fl-139"/>
      </object_component>
      <object_component id="oc-112">
         <name>.debug_frame</name>
         <load_address>0x673</load_address>
         <run_address>0x673</run_address>
         <size>0x45</size>
         <input_file_ref idref="fl-139"/>
      </object_component>
      <object_component id="oc-10c">
         <name>.debug_frame</name>
         <load_address>0x6b8</load_address>
         <run_address>0x6b8</run_address>
         <size>0x4a</size>
         <input_file_ref idref="fl-139"/>
      </object_component>
      <object_component id="oc-12a">
         <name>.debug_frame</name>
         <load_address>0x702</load_address>
         <run_address>0x702</run_address>
         <size>0x45</size>
         <input_file_ref idref="fl-139"/>
      </object_component>
      <object_component id="oc-11e">
         <name>.debug_frame</name>
         <load_address>0x747</load_address>
         <run_address>0x747</run_address>
         <size>0x45</size>
         <input_file_ref idref="fl-139"/>
      </object_component>
      <object_component id="oc-c7">
         <name>.debug_frame</name>
         <load_address>0x78c</load_address>
         <run_address>0x78c</run_address>
         <size>0x46</size>
         <input_file_ref idref="fl-13a"/>
      </object_component>
      <object_component id="oc-c1">
         <name>.debug_frame</name>
         <load_address>0x7d2</load_address>
         <run_address>0x7d2</run_address>
         <size>0x45</size>
         <input_file_ref idref="fl-13a"/>
      </object_component>
      <object_component id="oc-192">
         <name>.debug_frame</name>
         <load_address>0x817</load_address>
         <run_address>0x817</run_address>
         <size>0x45</size>
         <input_file_ref idref="fl-13a"/>
      </object_component>
      <object_component id="oc-106">
         <name>.debug_frame</name>
         <load_address>0x85c</load_address>
         <run_address>0x85c</run_address>
         <size>0x45</size>
         <input_file_ref idref="fl-13a"/>
      </object_component>
      <object_component id="oc-d1">
         <name>.debug_frame</name>
         <load_address>0x8a1</load_address>
         <run_address>0x8a1</run_address>
         <size>0x45</size>
         <input_file_ref idref="fl-13a"/>
      </object_component>
      <object_component id="oc-1bb">
         <name>.debug_frame</name>
         <load_address>0x8e6</load_address>
         <run_address>0x8e6</run_address>
         <size>0x45</size>
         <input_file_ref idref="fl-13b"/>
      </object_component>
      <object_component id="oc-1b4">
         <name>.debug_frame</name>
         <load_address>0x92b</load_address>
         <run_address>0x92b</run_address>
         <size>0x45</size>
         <input_file_ref idref="fl-13b"/>
      </object_component>
      <object_component id="oc-16f">
         <name>.debug_frame</name>
         <load_address>0x970</load_address>
         <run_address>0x970</run_address>
         <size>0x4a</size>
         <input_file_ref idref="fl-13b"/>
      </object_component>
      <object_component id="oc-175">
         <name>.debug_frame</name>
         <load_address>0x9ba</load_address>
         <run_address>0x9ba</run_address>
         <size>0x4a</size>
         <input_file_ref idref="fl-13b"/>
      </object_component>
      <object_component id="oc-17b">
         <name>.debug_frame</name>
         <load_address>0xa04</load_address>
         <run_address>0xa04</run_address>
         <size>0x4a</size>
         <input_file_ref idref="fl-13b"/>
      </object_component>
      <object_component id="oc-169">
         <name>.debug_frame</name>
         <load_address>0xa4e</load_address>
         <run_address>0xa4e</run_address>
         <size>0x4a</size>
         <input_file_ref idref="fl-13b"/>
      </object_component>
      <object_component id="oc-162">
         <name>.debug_frame</name>
         <load_address>0xa98</load_address>
         <run_address>0xa98</run_address>
         <size>0x46</size>
         <input_file_ref idref="fl-13c"/>
      </object_component>
      <object_component id="oc-150">
         <name>.debug_frame</name>
         <load_address>0xade</load_address>
         <run_address>0xade</run_address>
         <size>0x45</size>
         <input_file_ref idref="fl-13c"/>
      </object_component>
      <object_component id="oc-15c">
         <name>.debug_frame</name>
         <load_address>0xb23</load_address>
         <run_address>0xb23</run_address>
         <size>0x45</size>
         <input_file_ref idref="fl-13c"/>
      </object_component>
      <object_component id="oc-156">
         <name>.debug_frame</name>
         <load_address>0xb68</load_address>
         <run_address>0xb68</run_address>
         <size>0x45</size>
         <input_file_ref idref="fl-13c"/>
      </object_component>
      <object_component id="oc-d7">
         <name>.debug_frame</name>
         <load_address>0xbad</load_address>
         <run_address>0xbad</run_address>
         <size>0x47</size>
         <input_file_ref idref="fl-13c"/>
      </object_component>
      <object_component id="oc-144">
         <name>.debug_frame</name>
         <load_address>0xbf4</load_address>
         <run_address>0xbf4</run_address>
         <size>0x4a</size>
         <input_file_ref idref="fl-13c"/>
      </object_component>
      <object_component id="oc-14a">
         <name>.debug_frame</name>
         <load_address>0xc3e</load_address>
         <run_address>0xc3e</run_address>
         <size>0x4a</size>
         <input_file_ref idref="fl-13c"/>
      </object_component>
      <object_component id="oc-134">
         <name>.debug_frame</name>
         <load_address>0xc88</load_address>
         <run_address>0xc88</run_address>
         <size>0x3f</size>
         <input_file_ref idref="fl-13e"/>
      </object_component>
      <object_component id="oc-19e">
         <name>.debug_abbrev</name>
         <load_address>0x0</load_address>
         <run_address>0x0</run_address>
         <size>0x92</size>
         <input_file_ref idref="fl-2"/>
      </object_component>
      <object_component id="oc-19c">
         <name>.debug_abbrev</name>
         <load_address>0x92</load_address>
         <run_address>0x92</run_address>
         <size>0x3d</size>
         <input_file_ref idref="fl-2"/>
      </object_component>
      <object_component id="oc-12d">
         <name>.debug_abbrev</name>
         <load_address>0xcf</load_address>
         <run_address>0xcf</run_address>
         <size>0x130</size>
         <input_file_ref idref="fl-2"/>
      </object_component>
      <object_component id="oc-1ce">
         <name>.debug_abbrev</name>
         <load_address>0x1ff</load_address>
         <run_address>0x1ff</run_address>
         <size>0x4b</size>
         <input_file_ref idref="fl-2"/>
      </object_component>
      <object_component id="oc-79">
         <name>.debug_abbrev</name>
         <load_address>0x24a</load_address>
         <run_address>0x24a</run_address>
         <size>0x1f</size>
         <input_file_ref idref="fl-2"/>
      </object_component>
      <object_component id="oc-138">
         <name>.debug_abbrev</name>
         <load_address>0x269</load_address>
         <run_address>0x269</run_address>
         <size>0x24</size>
         <input_file_ref idref="fl-2"/>
      </object_component>
      <object_component id="oc-de">
         <name>.debug_abbrev</name>
         <load_address>0x28d</load_address>
         <run_address>0x28d</run_address>
         <size>0xb8</size>
         <input_file_ref idref="fl-3"/>
      </object_component>
      <object_component id="oc-182">
         <name>.debug_abbrev</name>
         <load_address>0x345</load_address>
         <run_address>0x345</run_address>
         <size>0x5e</size>
         <input_file_ref idref="fl-4"/>
      </object_component>
      <object_component id="oc-75">
         <name>.debug_abbrev</name>
         <load_address>0x3a3</load_address>
         <run_address>0x3a3</run_address>
         <size>0x5d</size>
         <input_file_ref idref="fl-5"/>
      </object_component>
      <object_component id="oc-30">
         <name>.debug_abbrev</name>
         <load_address>0x400</load_address>
         <run_address>0x400</run_address>
         <size>0x29</size>
         <input_file_ref idref="fl-5"/>
      </object_component>
      <object_component id="oc-74">
         <name>.debug_abbrev</name>
         <load_address>0x429</load_address>
         <run_address>0x429</run_address>
         <size>0xa2</size>
         <input_file_ref idref="fl-5"/>
      </object_component>
      <object_component id="oc-73">
         <name>.debug_abbrev</name>
         <load_address>0x4cb</load_address>
         <run_address>0x4cb</run_address>
         <size>0x3e</size>
         <input_file_ref idref="fl-12c"/>
      </object_component>
      <object_component id="oc-82">
         <name>.debug_abbrev</name>
         <load_address>0x509</load_address>
         <run_address>0x509</run_address>
         <size>0x52</size>
         <input_file_ref idref="fl-12d"/>
      </object_component>
      <object_component id="oc-38">
         <name>.debug_abbrev</name>
         <load_address>0x55b</load_address>
         <run_address>0x55b</run_address>
         <size>0x74</size>
         <input_file_ref idref="fl-12d"/>
      </object_component>
      <object_component id="oc-3b">
         <name>.debug_abbrev</name>
         <load_address>0x5cf</load_address>
         <run_address>0x5cf</run_address>
         <size>0x24</size>
         <input_file_ref idref="fl-12d"/>
      </object_component>
      <object_component id="oc-7f">
         <name>.debug_abbrev</name>
         <load_address>0x5f3</load_address>
         <run_address>0x5f3</run_address>
         <size>0x24</size>
         <input_file_ref idref="fl-12d"/>
      </object_component>
      <object_component id="oc-85">
         <name>.debug_abbrev</name>
         <load_address>0x617</load_address>
         <run_address>0x617</run_address>
         <size>0x52</size>
         <input_file_ref idref="fl-12e"/>
      </object_component>
      <object_component id="oc-84">
         <name>.debug_abbrev</name>
         <load_address>0x669</load_address>
         <run_address>0x669</run_address>
         <size>0x7b</size>
         <input_file_ref idref="fl-12e"/>
      </object_component>
      <object_component id="oc-45">
         <name>.debug_abbrev</name>
         <load_address>0x6e4</load_address>
         <run_address>0x6e4</run_address>
         <size>0x66</size>
         <input_file_ref idref="fl-12e"/>
      </object_component>
      <object_component id="oc-49">
[...]
            <object_component_ref idref="oc-88"/>
            <object_component_ref idref="oc-53"/>
            <object_component_ref idref="oc-a8"/>
            <object_component_ref idref="oc-ef"/>
            <object_component_ref idref="oc-e2"/>
            <object_component_ref idref="oc-b0"/>
            <object_component_ref idref="oc-b5"/>
            <object_component_ref idref="oc-f7"/>
         </contents>
      </logical_group>
      <load_segment id="lg-206" display="no" color="cyan">
         <name>SEGMENT_0</name>
         <load_address>0x20004000</load_address>
         <run_address>0x20004000</run_address>
         <size>0x16a8</size>
         <flags>0x5</flags>
         <contents>
            <logical_group_ref idref="lg-3"/>
            <logical_group_ref idref="lg-6"/>
            <logical_group_ref idref="lg-7"/>
            <logical_group_ref idref="lg-8"/>
         </contents>
      </load_segment>
      <load_segment id="lg-207" display="no" color="cyan">
         <name>SEGMENT_1</name>
         <run_address>0x2001d000</run_address>
         <size>0x37</size>
         <flags>0x6</flags>
         <contents>
            <logical_group_ref idref="lg-a"/>
            <logical_group_ref idref="lg-b"/>
         </contents>
      </load_segment>
      <load_segment id="lg-208" display="no" color="cyan">
         <name>SEGMENT_2</name>
         <run_address>0x2003f800</run_address>
         <size>0x800</size>
         <flags>0x6</flags>
         <contents>
            <logical_group_ref idref="lg-d"/>
         </contents>
      </load_segment>
   </logical_group_list>
   <placement_map>
      <memory_area display="yes" color="green">
         <name>SRAM_CODE</name>
         <page_id>0x0</page_id>
         <origin>0x20004000</origin>
         <length>0x19000</length>
         <used_space>0x16a2</used_space>
         <unused_space>0x1795e</unused_space>
         <attributes>RWX</attributes>
         <usage_details>
            <allocated_space>
               <start_address>0x20004000</start_address>
               <size>0x400</size>
               <logical_group_ref idref="lg-3"/>
            </allocated_space>
            <allocated_space>
               <start_address>0x20004400</start_address>
               <size>0xf56</size>
               <logical_group_ref idref="lg-6"/>
            </allocated_space>
            <available_space>
               <start_address>0x20005356</start_address>
               <size>0x2</size>
            </available_space>
            <allocated_space>
               <start_address>0x20005358</start_address>
               <size>0x2fc</size>
               <logical_group_ref idref="lg-7"/>
            </allocated_space>
            <available_space>
               <start_address>0x20005654</start_address>
               <size>0x4</size>
            </available_space>
            <allocated_space>
               <start_address>0x20005658</start_address>
               <size>0x50</size>
               <logical_group_ref idref="lg-8"/>
            </allocated_space>
            <available_space>
               <start_address>0x200056a8</start_address>
               <size>0x17958</size>
            </available_space>
         </usage_details>
      </memory_area>
      <memory_area display="yes" color="green">
         <name>SRAM_DATA</name>
         <page_id>0x0</page_id>
         <origin>0x2001d000</origin>
         <length>0x23000</length>
         <used_space>0x837</used_space>
         <unused_space>0x227c9</unused_space>
         <attributes>RWX</attributes>
         <usage_details>
            <allocated_space>
               <start_address>0x2001d000</start_address>
               <size>0x34</size>
               <logical_group_ref idref="lg-1dd"/>
            </allocated_space>
            <allocated_space>
               <start_address>0x2001d034</start_address>
               <size>0x3</size>
               <logical_group_ref idref="lg-1db"/>
            </allocated_space>
            <available_space>
               <start_address>0x2001d037</start_address>
               <size>0x227c9</size>
            </available_space>
            <allocated_space>
               <start_address>0x2003f800</start_address>
               <size>0x800</size>
               <logical_group_ref idref="lg-d"/>
            </allocated_space>
         </usage_details>
      </memory_area>
   </placement_map>
   <cptbl_list>
      <cptbl>
         <name>__TI_cinit_table</name>
         <cprec>
            <name>.data</name>
            <load_address>0x20005658</load_address>
            <load_size>0x28</load_size>
            <run_address>0x2001d000</run_address>
            <run_size>0x34</run_size>
            <compression>rle</compression>
         </cprec>
         <cprec>
            <name>.bss</name>
            <load_address>0x20005690</load_address>
            <load_size>0x8</load_size>
            <run_address>0x2001d034</run_address>
            <run_size>0x3</run_size>
            <compression>zero_init</compression>
         </cprec>
      </cptbl>
   </cptbl_list>
   <handler_table>
      <handler_table_name>__TI_handler_table</handler_table_name>
      <handler>
         <index>0x0</index>
         <name>__TI_decompress_rle24</name>
      </handler>
      <handler>
         <index>0x1</index>
         <name>__TI_decompress_none</name>
      </handler>
      <handler>
         <index>0x2</index>
         <name>__TI_zero_init</name>
      </handler>
   </handler_table>
   <symbol_table>
      <symbol id="sm-1">
         <name>__TI_CINIT_Base</name>
         <value>0x20005698</value>
      </symbol>
      <symbol id="sm-2">
         <name>__TI_CINIT_Limit</name>
         <value>0x200056a8</value>
      </symbol>
      <symbol id="sm-3">
         <name>__TI_Handler_Table_Base</name>
         <value>0x20005680</value>
      </symbol>
      <symbol id="sm-4">
         <name>__TI_Handler_Table_Limit</name>
         <value>0x2000568c</value>
      </symbol>
      <symbol id="sm-5">
         <name>binit</name>
         <value>0xffffffff</value>
      </symbol>
      <symbol id="sm-6">
         <name>__binit__</name>
         <value>0xffffffff</value>
      </symbol>
      <symbol id="sm-7">
         <name>__STACK_SIZE</name>
         <value>0x800</value>
      </symbol>
      <symbol id="sm-8">
         <name>__STACK_END</name>
         <value>0x20040000</value>
      </symbol>
      <symbol id="sm-9">
         <name>__c_args__</name>
         <value>0xffffffff</value>
      </symbol>
      <symbol id="sm-7c">
         <name>g_ucLED1Pin</name>
         <value>0x2001d034</value>
      </symbol>
      <symbol id="sm-7d">
         <name>g_ucLED2Pin</name>
         <value>0x2001d035</value>
      </symbol>
      <symbol id="sm-7e">
         <name>g_ucLED3Pin</name>
         <value>0x2001d036</value>
      </symbol>
      <symbol id="sm-7f">
         <name>g_uiLED3Port</name>
         <value>0x2001d01c</value>
         <object_component_ref idref="oc-11f"/>
      </symbol>
      <symbol id="sm-80">
         <name>GPIO_IF_Set</name>
         <value>0x20004709</value>
         <object_component_ref idref="oc-b9"/>
      </symbol>
      <symbol id="sm-81">
         <name>GPIO_IF_LedOn</name>
         <value>0x2000447b</value>
         <object_component_ref idref="oc-b9"/>
      </symbol>
      <symbol id="sm-82">
         <name>GPIO_IF_GetPortNPin</name>
         <value>0x2000467b</value>
         <object_component_ref idref="oc-b9"/>
      </symbol>
      <symbol id="sm-83">
         <name>GPIO_IF_LedStatus</name>
         <value>0x200045e3</value>
         <object_component_ref idref="oc-b9"/>
      </symbol>
      <symbol id="sm-84">
         <name>g_uiLED1Port</name>
         <value>0x2001d014</value>
         <object_component_ref idref="oc-11f"/>
      </symbol>
      <symbol id="sm-85">
         <name>GPIO_IF_LedConfigure</name>
         <value>0x2000443d</value>
         <object_component_ref idref="oc-b9"/>
      </symbol>
      <symbol id="sm-86">
         <name>GPIO_IF_Get</name>
         <value>0x2000474d</value>
         <object_component_ref idref="oc-b9"/>
      </symbol>
      <symbol id="sm-87">
         <name>GPIO_IF_LedToggle</name>
         <value>0x2000464d</value>
         <object_component_ref idref="oc-b9"/>
      </symbol>
      <symbol id="sm-88">
         <name>GPIO_IF_ConfigureNIntEnable</name>
         <value>0x200046c1</value>
         <object_component_ref idref="oc-b9"/>
      </symbol>
      <symbol id="sm-89">
         <name>GPIO_IF_LedOff</name>
         <value>0x2000452f</value>
         <object_component_ref idref="oc-b9"/>
      </symbol>
      <symbol id="sm-8a">
         <name>g_uiLED2Port</name>
         <value>0x2001d018</value>
         <object_component_ref idref="oc-11f"/>
      </symbol>
      <symbol id="sm-9b">
         <name>LEDBlinkyRoutine</name>
         <value>0x20004bc5</value>
         <object_component_ref idref="oc-98"/>
      </symbol>
      <symbol id="sm-9c">
         <name>main</name>
         <value>0x20004c2f</value>
         <object_component_ref idref="oc-98"/>
      </symbol>
      <symbol id="sm-aa">
         <name>PinMuxConfig</name>
         <value>0x2000479d</value>
         <object_component_ref idref="oc-d8"/>
      </symbol>
      <symbol id="sm-c9">
         <name>ResetISR</name>
         <value>0x20005323</value>
         <object_component_ref idref="oc-2a"/>
      </symbol>
      <symbol id="sm-ca">
         <name>g_pfnVectors</name>
         <value>0x20004000</value>
         <object_component_ref idref="oc-f"/>
      </symbol>
      <symbol id="sm-da">
         <name>_c_int00</name>
         <value>0x200050b1</value>
         <object_component_ref idref="oc-24"/>
      </symbol>
      <symbol id="sm-db">
         <name>__stack</name>
         <value>0x2003f800</value>
         <object_component_ref idref="oc-29"/>
      </symbol>
      <symbol id="sm-f2">
         <name>__TI_decompress_none</name>
         <value>0x20005315</value>
         <object_component_ref idref="oc-12"/>
      </symbol>
      <symbol id="sm-11a">
         <name>__TI_decompress_rle24</name>
         <value>0x2000534d</value>
         <object_component_ref idref="oc-18"/>
      </symbol>
      <symbol id="sm-12c">
         <name>__TI_zero_init</name>
         <value>0x20005331</value>
         <object_component_ref idref="oc-1e"/>
      </symbol>
      <symbol id="sm-14b">
         <name>C$$EXIT</name>
         <value>0x20004ff1</value>
         <object_component_ref idref="oc-6a"/>
      </symbol>
      <symbol id="sm-14c">
         <name>abort</name>
         <value>0x20004ff5</value>
         <object_component_ref idref="oc-6a"/>
      </symbol>
      <symbol id="sm-14d">
         <name>exit</name>
         <value>0x20004ffd</value>
         <object_component_ref idref="oc-6a"/>
      </symbol>
      <symbol id="sm-14e">
         <name>__TI_dtors_ptr</name>
         <value>0x2001d02c</value>
         <object_component_ref idref="oc-a3"/>
      </symbol>
      <symbol id="sm-14f">
         <name>__TI_cleanup_ptr</name>
         <value>0x2001d028</value>
         <object_component_ref idref="oc-a3"/>
      </symbol>
      <symbol id="sm-16a">
         <name>memcpy</name>
         <value>0x20004b29</value>
         <object_component_ref idref="oc-33"/>
      </symbol>
      <symbol id="sm-16b">
         <name>__aeabi_memcpy</name>
         <value>0x20004b29</value>
         <object_component_ref idref="oc-33"/>
      </symbol>
      <symbol id="sm-16c">
         <name>__aeabi_memcpy8</name>
         <value>0x20004b29</value>
         <object_component_ref idref="oc-33"/>
      </symbol>
      <symbol id="sm-16d">
         <name>__aeabi_memcpy4</name>
         <value>0x20004b29</value>
         <object_component_ref idref="oc-33"/>
      </symbol>
      <symbol id="sm-17c">
         <name>__aeabi_memset</name>
         <value>0x20004d61</value>
         <object_component_ref idref="oc-4c"/>
      </symbol>
      <symbol id="sm-17d">
         <name>memset</name>
         <value>0x20004d67</value>
         <object_component_ref idref="oc-4c"/>
      </symbol>
      <symbol id="sm-17e">
         <name>__aeabi_memset8</name>
         <value>0x20004d61</value>
         <object_component_ref idref="oc-4c"/>
      </symbol>
      <symbol id="sm-17f">
         <name>__aeabi_memset4</name>
         <value>0x20004d61</value>
         <object_component_ref idref="oc-4c"/>
      </symbol>
      <symbol id="sm-180">
         <name>__aeabi_memclr8</name>
         <value>0x20004d5f</value>
         <object_component_ref idref="oc-4c"/>
      </symbol>
      <symbol id="sm-181">
         <name>__aeabi_memclr4</name>
         <value>0x20004d5f</value>
         <object_component_ref idref="oc-4c"/>
      </symbol>
      <symbol id="sm-182">
         <name>__aeabi_memclr</name>
         <value>0x20004d5f</value>
         <object_component_ref idref="oc-4c"/>
      </symbol>
      <symbol id="sm-18c">
         <name>_system_pre_init</name>
         <value>0x20005353</value>
         <object_component_ref idref="oc-58"/>
      </symbol>
      <symbol id="sm-194">
         <name>main_func_sp</name>
         <value>0x2001d030</value>
         <object_component_ref idref="oc-70"/>
      </symbol>
      <symbol id="sm-1ad">
         <name>_nop</name>
         <value>0x2000530f</value>
         <object_component_ref idref="oc-e6"/>
      </symbol>
      <symbol id="sm-1ae">
         <name>_lock</name>
         <value>0x2001d020</value>
         <object_component_ref idref="oc-a0"/>
      </symbol>
      <symbol id="sm-1af">
         <name>_unlock</name>
         <value>0x2001d024</value>
         <object_component_ref idref="oc-a0"/>
      </symbol>
      <symbol id="sm-1b0">
         <name>_register_lock</name>
         <value>0x20005307</value>
         <object_component_ref idref="oc-e6"/>
      </symbol>
      <symbol id="sm-1b1">
         <name>_register_unlock</name>
         <value>0x20005301</value>
         <object_component_ref idref="oc-e6"/>
      </symbol>
      <symbol id="sm-1c6">
         <name>_args_main</name>
         <value>0x2000526d</value>
         <object_component_ref idref="oc-64"/>
      </symbol>
      <symbol id="sm-1ec">
         <name>__TI_auto_init</name>
         <value>0x20004dd9</value>
         <object_component_ref idref="oc-5e"/>
      </symbol>
      <symbol id="sm-206">
         <name>copy_in</name>
         <value>0x20004f5d</value>
         <object_component_ref idref="oc-90"/>
      </symbol>
      <symbol id="sm-25c">
         <name>GPIOIntRegister</name>
         <value>0x200051e9</value>
         <object_component_ref idref="oc-107"/>
      </symbol>
      <symbol id="sm-25d">
         <name>GPIOIntEnable</name>
         <value>0x20005207</value>
         <object_component_ref idref="oc-113"/>
      </symbol>
      <symbol id="sm-25e">
         <name>GPIOIntTypeSet</name>
         <value>0x20004cdd</value>
         <object_component_ref idref="oc-fb"/>
      </symbol>
      <symbol id="sm-25f">
         <name>GPIOIntClear</name>
         <value>0x200052c5</value>
         <object_component_ref idref="oc-10d"/>
      </symbol>
      <symbol id="sm-260">
         <name>GPIOPinRead</name>
         <value>0x20005255</value>
         <object_component_ref idref="oc-125"/>
      </symbol>
      <symbol id="sm-261">
         <name>GPIODirModeSet</name>
         <value>0x200050ed</value>
         <object_component_ref idref="oc-17c"/>
      </symbol>
      <symbol id="sm-262">
         <name>GPIOPinWrite</name>
         <value>0x200051a9</value>
         <object_component_ref idref="oc-119"/>
      </symbol>
      <symbol id="sm-2b4">
         <name>IntPrioritySet</name>
         <value>0x20004f09</value>
         <object_component_ref idref="oc-101"/>
      </symbol>
      <symbol id="sm-2b5">
         <name>IntVTableBaseSet</name>
         <value>0x200052d9</value>
         <object_component_ref idref="oc-c0"/>
      </symbol>
      <symbol id="sm-2b6">
         <name>IntEnable</name>
         <value>0x20004a81</value>
         <object_component_ref idref="oc-cc"/>
      </symbol>
      <symbol id="sm-2b7">
         <name>IntRegister</name>
         <value>0x200051c9</value>
         <object_component_ref idref="oc-191"/>
      </symbol>
      <symbol id="sm-2b8">
         <name>IntMasterEnable</name>
         <value>0x2000533d</value>
         <object_component_ref idref="oc-c6"/>
      </symbol>
      <symbol id="sm-2ff">
         <name>PinTypeUART</name>
         <value>0x2000523b</value>
         <object_component_ref idref="oc-16a"/>
      </symbol>
      <symbol id="sm-300">
         <name>PinTypeADC</name>
         <value>0x200052ed</value>
         <object_component_ref idref="oc-164"/>
      </symbol>
      <symbol id="sm-301">
         <name>PinTypeGPIO</name>
         <value>0x20005123</value>
         <object_component_ref idref="oc-176"/>
      </symbol>
      <symbol id="sm-302">
         <name>PinConfigSet</name>
         <value>0x20004c55</value>
         <object_component_ref idref="oc-1af"/>
      </symbol>
      <symbol id="sm-303">
         <name>PinTypeSPI</name>
         <value>0x20005221</value>
         <object_component_ref idref="oc-170"/>
      </symbol>
      <symbol id="sm-304">
         <name>PinModeSet</name>
         <value>0x20005035</value>
         <object_component_ref idref="oc-1b6"/>
      </symbol>
      <symbol id="sm-370">
         <name>PRCMPeripheralReset</name>
         <value>0x20004eb1</value>
         <object_component_ref idref="oc-151"/>
      </symbol>
      <symbol id="sm-371">
         <name>PRCMPeripheralClkEnable</name>
         <value>0x20005075</value>
         <object_component_ref idref="oc-14b"/>
      </symbol>
      <symbol id="sm-372">
         <name>PRCMCC3200MCUInit</name>
         <value>0x2000494d</value>
         <object_component_ref idref="oc-d2"/>
      </symbol>
      <symbol id="sm-373">
         <name>PRCMHIBRegWrite</name>
         <value>0x2000529b</value>
         <object_component_ref idref="oc-145"/>
      </symbol>
      <symbol id="sm-374">
         <name>PRCMSysResetCauseGet</name>
         <value>0x20005155</value>
         <object_component_ref idref="oc-15d"/>
      </symbol>
      <symbol id="sm-375">
         <name>PRCMPeripheralClkDisable</name>
         <value>0x20005181</value>
         <object_component_ref idref="oc-157"/>
      </symbol>
      <symbol id="sm-376">
         <name>PRCMHIBRegRead</name>
         <value>0x20005285</value>
         <object_component_ref idref="oc-13f"/>
      </symbol>
      <symbol id="sm-37a">
         <name>UtilsDelay</name>
         <value>0x20005347</value>
         <object_component_ref idref="oc-bf"/>
      </symbol>
      <symbol id="sm-384">
         <name>CPUcpsie</name>
         <value>0x200052b1</value>
         <object_component_ref idref="oc-12f"/>
      </symbol>
      <symbol id="sm-399">
         <name>__TI_static_base__</name>
         <value>0x20005658</value>
      </symbol>
      <symbol id="sm-39c">
         <name>SHT$$INIT_ARRAY$$Limit</name>
         <value>0x0</value>
      </symbol>
      <symbol id="sm-39d">
         <name>SHT$$INIT_ARRAY$$Base</name>
         <value>0x0</value>
      </symbol>
   </symbol_table>
   <title>Link successful</title>
</link_info>
